Component: ARM Compiler 5.06 update 7 (build 960) Tool: armlink [4d3601]

==============================================================================

Section Cross References

    system_stm32f10x.o(i.SetSysClock) refers to system_stm32f10x.o(i.SetSysClockTo72) for SetSysClockTo72
    system_stm32f10x.o(i.SystemCoreClockUpdate) refers to system_stm32f10x.o(.data) for SystemCoreClock
    system_stm32f10x.o(i.SystemInit) refers to system_stm32f10x.o(i.SetSysClock) for SetSysClock
    startup_stm32f10x_md.o(RESET) refers to startup_stm32f10x_md.o(STACK) for __initial_sp
    startup_stm32f10x_md.o(RESET) refers to startup_stm32f10x_md.o(.text) for Reset_Handler
    startup_stm32f10x_md.o(RESET) refers to stm32f10x_it.o(i.NMI_Handler) for NMI_Handler
    startup_stm32f10x_md.o(RESET) refers to stm32f10x_it.o(i.HardFault_Handler) for HardFault_Handler
    startup_stm32f10x_md.o(RESET) refers to stm32f10x_it.o(i.MemManage_Handler) for MemManage_Handler
    startup_stm32f10x_md.o(RESET) refers to stm32f10x_it.o(i.BusFault_Handler) for BusFault_Handler
    startup_stm32f10x_md.o(RESET) refers to stm32f10x_it.o(i.UsageFault_Handler) for UsageFault_Handler
    startup_stm32f10x_md.o(RESET) refers to stm32f10x_it.o(i.SVC_Handler) for SVC_Handler
    startup_stm32f10x_md.o(RESET) refers to stm32f10x_it.o(i.DebugMon_Handler) for DebugMon_Handler
    startup_stm32f10x_md.o(RESET) refers to stm32f10x_it.o(i.PendSV_Handler) for PendSV_Handler
    startup_stm32f10x_md.o(RESET) refers to stm32f10x_it.o(i.SysTick_Handler) for SysTick_Handler
    startup_stm32f10x_md.o(RESET) refers to tim.o(i.TIM3_IRQHandler) for TIM3_IRQHandler
    startup_stm32f10x_md.o(RESET) refers to ano_dt.o(i.USART3_IRQHandler) for USART3_IRQHandler
    startup_stm32f10x_md.o(.text) refers to system_stm32f10x.o(i.SystemInit) for SystemInit
    startup_stm32f10x_md.o(.text) refers to entry.o(.ARM.Collect$$$$00000000) for __main
    stm32f10x_it.o(i.SysTick_Handler) refers to init.o(.data) for SysTick_count
    main.o(i.main) refers to misc.o(i.NVIC_PriorityGroupConfig) for NVIC_PriorityGroupConfig
    main.o(i.main) refers to init.o(i.ALL_Init) for ALL_Init
    main.o(i.main) refers to ano_dt.o(i.ANTO_polling) for ANTO_polling
    main.o(i.main) refers to led.o(i.LEDRefresh) for LEDRefresh
    delay.o(i.GetSysTime_us) refers to init.o(.data) for SysTick_count
    delay.o(i.GetSysTime_us) refers to delay.o(.data) for usTicks
    delay.o(i.cycleCounterInit) refers to stm32f10x_rcc.o(i.RCC_GetClocksFreq) for RCC_GetClocksFreq
    delay.o(i.cycleCounterInit) refers to delay.o(.data) for usTicks
    delay.o(i.delay_ms) refers to delay.o(i.GetSysTime_us) for GetSysTime_us
    init.o(i.ALL_Init) refers to delay.o(i.cycleCounterInit) for cycleCounterInit
    init.o(i.ALL_Init) refers to iic_software.o(i.IIC_Init) for IIC_Init
    init.o(i.ALL_Init) refers to init.o(i.pid_param_Init) for pid_param_Init
    init.o(i.ALL_Init) refers to led.o(i.LEDInit) for LEDInit
    init.o(i.ALL_Init) refers to mpu6050.o(i.MpuInit) for MpuInit
    init.o(i.ALL_Init) refers to usart.o(i.USART3_Config) for USART3_Config
    init.o(i.ALL_Init) refers to nrf24l01.o(i.NRF24L01_init) for NRF24L01_init
    init.o(i.ALL_Init) refers to tim.o(i.TIM2_PWM_Config) for TIM2_PWM_Config
    init.o(i.ALL_Init) refers to tim.o(i.TIM3_Config) for TIM3_Config
    init.o(i.ALL_Init) refers to system_stm32f10x.o(.data) for SystemCoreClock
    init.o(i.pid_param_Init) refers to init.o(.bss) for pidRateX
    stm32f10x_adc.o(i.ADC_DeInit) refers to stm32f10x_rcc.o(i.RCC_APB2PeriphResetCmd) for RCC_APB2PeriphResetCmd
    stm32f10x_bkp.o(i.BKP_DeInit) refers to stm32f10x_rcc.o(i.RCC_BackupResetCmd) for RCC_BackupResetCmd
    stm32f10x_can.o(i.CAN_DeInit) refers to stm32f10x_rcc.o(i.RCC_APB1PeriphResetCmd) for RCC_APB1PeriphResetCmd
    stm32f10x_can.o(i.CAN_GetITStatus) refers to stm32f10x_can.o(i.CheckITStatus) for CheckITStatus
    stm32f10x_cec.o(i.CEC_DeInit) refers to stm32f10x_rcc.o(i.RCC_APB1PeriphResetCmd) for RCC_APB1PeriphResetCmd
    stm32f10x_dac.o(i.DAC_DeInit) refers to stm32f10x_rcc.o(i.RCC_APB1PeriphResetCmd) for RCC_APB1PeriphResetCmd
    stm32f10x_flash.o(i.FLASH_EnableWriteProtection) refers to stm32f10x_flash.o(i.FLASH_WaitForLastOperation) for FLASH_WaitForLastOperation
    stm32f10x_flash.o(i.FLASH_EraseAllBank1Pages) refers to stm32f10x_flash.o(i.FLASH_WaitForLastBank1Operation) for FLASH_WaitForLastBank1Operation
    stm32f10x_flash.o(i.FLASH_EraseAllPages) refers to stm32f10x_flash.o(i.FLASH_WaitForLastOperation) for FLASH_WaitForLastOperation
    stm32f10x_flash.o(i.FLASH_EraseOptionBytes) refers to stm32f10x_flash.o(i.FLASH_GetReadOutProtectionStatus) for FLASH_GetReadOutProtectionStatus
    stm32f10x_flash.o(i.FLASH_EraseOptionBytes) refers to stm32f10x_flash.o(i.FLASH_WaitForLastOperation) for FLASH_WaitForLastOperation
    stm32f10x_flash.o(i.FLASH_ErasePage) refers to stm32f10x_flash.o(i.FLASH_WaitForLastOperation) for FLASH_WaitForLastOperation
[...]
    Removing stm32f10x_spi.o(i.SPI_CalculateCRC), (24 bytes).
    Removing stm32f10x_spi.o(i.SPI_DataSizeConfig), (18 bytes).
    Removing stm32f10x_spi.o(i.SPI_GetCRC), (16 bytes).
    Removing stm32f10x_spi.o(i.SPI_GetCRCPolynomial), (6 bytes).
    Removing stm32f10x_spi.o(i.SPI_I2S_ClearFlag), (6 bytes).
    Removing stm32f10x_spi.o(i.SPI_I2S_ClearITPendingBit), (20 bytes).
    Removing stm32f10x_spi.o(i.SPI_I2S_DMACmd), (18 bytes).
    Removing stm32f10x_spi.o(i.SPI_I2S_DeInit), (88 bytes).
    Removing stm32f10x_spi.o(i.SPI_I2S_GetITStatus), (52 bytes).
    Removing stm32f10x_spi.o(i.SPI_I2S_ITConfig), (32 bytes).
    Removing stm32f10x_spi.o(i.SPI_NSSInternalSoftwareConfig), (30 bytes).
    Removing stm32f10x_spi.o(i.SPI_SSOutputCmd), (24 bytes).
    Removing stm32f10x_spi.o(i.SPI_StructInit), (24 bytes).
    Removing stm32f10x_spi.o(i.SPI_TransmitCRC), (10 bytes).
    Removing stm32f10x_tim.o(i.TI1_Config), (128 bytes).
    Removing stm32f10x_tim.o(i.TI2_Config), (152 bytes).
    Removing stm32f10x_tim.o(i.TI3_Config), (144 bytes).
    Removing stm32f10x_tim.o(i.TI4_Config), (152 bytes).
    Removing stm32f10x_tim.o(i.TIM_BDTRConfig), (32 bytes).
    Removing stm32f10x_tim.o(i.TIM_BDTRStructInit), (18 bytes).
    Removing stm32f10x_tim.o(i.TIM_CCPreloadControl), (24 bytes).
    Removing stm32f10x_tim.o(i.TIM_CCxCmd), (30 bytes).
    Removing stm32f10x_tim.o(i.TIM_CCxNCmd), (30 bytes).
    Removing stm32f10x_tim.o(i.TIM_ClearFlag), (6 bytes).
    Removing stm32f10x_tim.o(i.TIM_ClearOC1Ref), (18 bytes).
    Removing stm32f10x_tim.o(i.TIM_ClearOC2Ref), (24 bytes).
    Removing stm32f10x_tim.o(i.TIM_ClearOC3Ref), (18 bytes).
    Removing stm32f10x_tim.o(i.TIM_ClearOC4Ref), (24 bytes).
    Removing stm32f10x_tim.o(i.TIM_CounterModeConfig), (18 bytes).
    Removing stm32f10x_tim.o(i.TIM_CtrlPWMOutputs), (30 bytes).
    Removing stm32f10x_tim.o(i.TIM_DMACmd), (18 bytes).
    Removing stm32f10x_tim.o(i.TIM_DMAConfig), (10 bytes).
    Removing stm32f10x_tim.o(i.TIM_DeInit), (488 bytes).
    Removing stm32f10x_tim.o(i.TIM_ETRClockMode1Config), (54 bytes).
    Removing stm32f10x_tim.o(i.TIM_ETRClockMode2Config), (32 bytes).
    Removing stm32f10x_tim.o(i.TIM_ETRConfig), (28 bytes).
    Removing stm32f10x_tim.o(i.TIM_EncoderInterfaceConfig), (66 bytes).
    Removing stm32f10x_tim.o(i.TIM_ForcedOC1Config), (18 bytes).
    Removing stm32f10x_tim.o(i.TIM_ForcedOC2Config), (26 bytes).
    Removing stm32f10x_tim.o(i.TIM_ForcedOC3Config), (18 bytes).
    Removing stm32f10x_tim.o(i.TIM_ForcedOC4Config), (26 bytes).
    Removing stm32f10x_tim.o(i.TIM_GenerateEvent), (4 bytes).
    Removing stm32f10x_tim.o(i.TIM_GetCapture1), (6 bytes).
    Removing stm32f10x_tim.o(i.TIM_GetCapture2), (6 bytes).
    Removing stm32f10x_tim.o(i.TIM_GetCapture3), (6 bytes).
    Removing stm32f10x_tim.o(i.TIM_GetCapture4), (8 bytes).
    Removing stm32f10x_tim.o(i.TIM_GetCounter), (6 bytes).
    Removing stm32f10x_tim.o(i.TIM_GetFlagStatus), (18 bytes).
    Removing stm32f10x_tim.o(i.TIM_GetPrescaler), (6 bytes).
    Removing stm32f10x_tim.o(i.TIM_ICInit), (172 bytes).
    Removing stm32f10x_tim.o(i.TIM_ICStructInit), (18 bytes).
    Removing stm32f10x_tim.o(i.TIM_ITRxExternalClockConfig), (24 bytes).
    Removing stm32f10x_tim.o(i.TIM_InternalClockConfig), (12 bytes).
    Removing stm32f10x_tim.o(i.TIM_OC1FastConfig), (18 bytes).
    Removing stm32f10x_tim.o(i.TIM_OC1NPolarityConfig), (18 bytes).
    Removing stm32f10x_tim.o(i.TIM_OC1PolarityConfig), (18 bytes).
    Removing stm32f10x_tim.o(i.TIM_OC2FastConfig), (26 bytes).
    Removing stm32f10x_tim.o(i.TIM_OC2NPolarityConfig), (26 bytes).
    Removing stm32f10x_tim.o(i.TIM_OC2PolarityConfig), (26 bytes).
    Removing stm32f10x_tim.o(i.TIM_OC3FastConfig), (18 bytes).
    Removing stm32f10x_tim.o(i.TIM_OC3NPolarityConfig), (26 bytes).
    Removing stm32f10x_tim.o(i.TIM_OC3PolarityConfig), (26 bytes).
    Removing stm32f10x_tim.o(i.TIM_OC4FastConfig), (26 bytes).
    Removing stm32f10x_tim.o(i.TIM_OC4PolarityConfig), (26 bytes).
    Removing stm32f10x_tim.o(i.TIM_OCStructInit), (20 bytes).
    Removing stm32f10x_tim.o(i.TIM_PWMIConfig), (124 bytes).
    Removing stm32f10x_tim.o(i.TIM_PrescalerConfig), (6 bytes).
    Removing stm32f10x_tim.o(i.TIM_SelectCCDMA), (24 bytes).
    Removing stm32f10x_tim.o(i.TIM_SelectCOM), (24 bytes).
    Removing stm32f10x_tim.o(i.TIM_SelectHallSensor), (24 bytes).
    Removing stm32f10x_tim.o(i.TIM_SelectInputTrigger), (18 bytes).
    Removing stm32f10x_tim.o(i.TIM_SelectMasterSlaveMode), (18 bytes).
    Removing stm32f10x_tim.o(i.TIM_SelectOCxM), (82 bytes).
    Removing stm32f10x_tim.o(i.TIM_SelectOnePulseMode), (18 bytes).
    Removing stm32f10x_tim.o(i.TIM_SelectOutputTrigger), (18 bytes).
    Removing stm32f10x_tim.o(i.TIM_SelectSlaveMode), (18 bytes).
    Removing stm32f10x_tim.o(i.TIM_SetAutoreload), (4 bytes).
    Removing stm32f10x_tim.o(i.TIM_SetClockDivision), (18 bytes).
    Removing stm32f10x_tim.o(i.TIM_SetCompare1), (4 bytes).
    Removing stm32f10x_tim.o(i.TIM_SetCompare2), (4 bytes).
    Removing stm32f10x_tim.o(i.TIM_SetCompare3), (4 bytes).
    Removing stm32f10x_tim.o(i.TIM_SetCompare4), (6 bytes).
    Removing stm32f10x_tim.o(i.TIM_SetCounter), (4 bytes).
    Removing stm32f10x_tim.o(i.TIM_SetIC1Prescaler), (18 bytes).
    Removing stm32f10x_tim.o(i.TIM_SetIC2Prescaler), (26 bytes).
    Removing stm32f10x_tim.o(i.TIM_SetIC3Prescaler), (18 bytes).
    Removing stm32f10x_tim.o(i.TIM_SetIC4Prescaler), (26 bytes).
    Removing stm32f10x_tim.o(i.TIM_TIxExternalClockConfig), (62 bytes).
    Removing stm32f10x_tim.o(i.TIM_TimeBaseStructInit), (18 bytes).
    Removing stm32f10x_tim.o(i.TIM_UpdateDisableConfig), (24 bytes).
    Removing stm32f10x_tim.o(i.TIM_UpdateRequestConfig), (24 bytes).
    Removing stm32f10x_usart.o(i.USART_ClearFlag), (18 bytes).
    Removing stm32f10x_usart.o(i.USART_ClearITPendingBit), (30 bytes).
    Removing stm32f10x_usart.o(i.USART_ClockInit), (34 bytes).
    Removing stm32f10x_usart.o(i.USART_ClockStructInit), (12 bytes).
    Removing stm32f10x_usart.o(i.USART_DMACmd), (18 bytes).
    Removing stm32f10x_usart.o(i.USART_DeInit), (156 bytes).
    Removing stm32f10x_usart.o(i.USART_GetFlagStatus), (26 bytes).
    Removing stm32f10x_usart.o(i.USART_GetITStatus), (84 bytes).
    Removing stm32f10x_usart.o(i.USART_HalfDuplexCmd), (24 bytes).
    Removing stm32f10x_usart.o(i.USART_IrDACmd), (24 bytes).
    Removing stm32f10x_usart.o(i.USART_IrDAConfig), (18 bytes).
    Removing stm32f10x_usart.o(i.USART_LINBreakDetectLengthConfig), (18 bytes).
    Removing stm32f10x_usart.o(i.USART_LINCmd), (24 bytes).
    Removing stm32f10x_usart.o(i.USART_OneBitMethodCmd), (24 bytes).
    Removing stm32f10x_usart.o(i.USART_OverSampling8Cmd), (22 bytes).
    Removing stm32f10x_usart.o(i.USART_ReceiveData), (10 bytes).
    Removing stm32f10x_usart.o(i.USART_ReceiverWakeUpCmd), (24 bytes).
    Removing stm32f10x_usart.o(i.USART_SendBreak), (10 bytes).
    Removing stm32f10x_usart.o(i.USART_SetAddress), (18 bytes).
    Removing stm32f10x_usart.o(i.USART_SetGuardTime), (16 bytes).
    Removing stm32f10x_usart.o(i.USART_SetPrescaler), (16 bytes).
    Removing stm32f10x_usart.o(i.USART_SmartCardCmd), (24 bytes).
    Removing stm32f10x_usart.o(i.USART_SmartCardNACKCmd), (24 bytes).
    Removing stm32f10x_usart.o(i.USART_StructInit), (24 bytes).
    Removing stm32f10x_usart.o(i.USART_WakeUpConfig), (18 bytes).
    Removing stm32f10x_wwdg.o(i.WWDG_ClearFlag), (12 bytes).
    Removing stm32f10x_wwdg.o(i.WWDG_DeInit), (22 bytes).
    Removing stm32f10x_wwdg.o(i.WWDG_Enable), (16 bytes).
    Removing stm32f10x_wwdg.o(i.WWDG_EnableIT), (12 bytes).
    Removing stm32f10x_wwdg.o(i.WWDG_GetFlagStatus), (12 bytes).
    Removing stm32f10x_wwdg.o(i.WWDG_SetCounter), (16 bytes).
    Removing stm32f10x_wwdg.o(i.WWDG_SetPrescaler), (24 bytes).
    Removing stm32f10x_wwdg.o(i.WWDG_SetWindowValue), (40 bytes).
    Removing iic_software.o(i.IIC_Write_Bytes), (96 bytes).
    Removing usart.o(i.USART1_SendByte), (48 bytes).
    Removing usart.o(i.USART1_setBaudRate), (20 bytes).
    Removing usart.o(i.fputc), (36 bytes).
    Removing usart.o(.data), (7 bytes).
    Removing nrf24l01.o(i.NRF24L01_TxPacket), (100 bytes).
    Removing nrf24l01.o(i.TX_Mode), (104 bytes).
    Removing mpu6050.o(i.mpu6050_rest), (28 bytes).
    Removing kalman.o(i.KalmanFilter), (844 bytes).
    Removing kalman.o(i.kalman1_filter), (156 bytes).
    Removing kalman.o(i.kalman1_init), (32 bytes).
    Removing kalman.o(i.kalman2_filter), (502 bytes).
    Removing kalman.o(i.kalman2_init), (72 bytes).
    Removing kalman.o(i.kalman_2_Update), (488 bytes).
    Removing kalman.o(i.matrix_add), (72 bytes).
    Removing kalman.o(i.matrix_multi), (114 bytes).
    Removing kalman.o(i.matrix_sub), (72 bytes).
    Removing kalman.o(.bss), (64 bytes).
    Removing kalman.o(.data), (152 bytes).
    Removing mymath.o(i.VariableParameter), (76 bytes).
    Removing mymath.o(i.arcsin), (164 bytes).
    Removing mymath.o(i.arctan), (82 bytes).
    Removing mymath.o(i.array_assign), (26 bytes).
    Removing mymath.o(i.array_astrict), (48 bytes).
    Removing mymath.o(i.cosine), (24 bytes).
    Removing mymath.o(i.data_limit), (38 bytes).
    Removing mymath.o(i.middle_3), (46 bytes).
    Removing mymath.o(i.my_deathzoom), (66 bytes).
    Removing mymath.o(i.my_deathzoom_2), (44 bytes).
    Removing mymath.o(i.safe_asin), (72 bytes).
    Removing mymath.o(i.sine), (196 bytes).
    Removing fscalb.o(.text), (24 bytes).
    Removing fsqrt.o(.text), (94 bytes).

475 unused section(s) (total 21667 bytes) removed from the image.

==============================================================================

Image Symbol Table

    Local Symbols

    Symbol Name                              Value     Ov Type        Size  Object(Section)

    ../clib/microlib/errno.c                 0x00000000   Number         0  errno.o ABSOLUTE
    ../clib/microlib/init/entry.s            0x00000000   Number         0  entry2.o ABSOLUTE
    ../clib/microlib/init/entry.s            0x00000000   Number         0  entry12b.o ABSOLUTE
    ../clib/microlib/init/entry.s            0x00000000   Number         0  entry12a.o ABSOLUTE
    ../clib/microlib/init/entry.s            0x00000000   Number         0  entry11b.o ABSOLUTE
    ../clib/microlib/init/entry.s            0x00000000   Number         0  entry9b.o ABSOLUTE
    ../clib/microlib/init/entry.s            0x00000000   Number         0  entry10a.o ABSOLUTE
    ../clib/microlib/init/entry.s            0x00000000   Number         0  entry.o ABSOLUTE
    ../clib/microlib/init/entry.s            0x00000000   Number         0  entry11a.o ABSOLUTE
    ../clib/microlib/init/entry.s            0x00000000   Number         0  entry10b.o ABSOLUTE
    ../clib/microlib/init/entry.s            0x00000000   Number         0  entry9a.o ABSOLUTE
    ../clib/microlib/init/entry.s            0x00000000   Number         0  entry8b.o ABSOLUTE
    ../clib/microlib/init/entry.s            0x00000000   Number         0  entry8a.o ABSOLUTE
    ../clib/microlib/init/entry.s            0x00000000   Number         0  entry7b.o ABSOLUTE
    ../clib/microlib/init/entry.s            0x00000000   Number         0  entry7a.o ABSOLUTE
    ../clib/microlib/init/entry.s            0x00000000   Number         0  entry5.o ABSOLUTE
    ../clib/microlib/longlong.c              0x00000000   Number         0  llsshr.o ABSOLUTE
    ../clib/microlib/longlong.c              0x00000000   Number         0  llushr.o ABSOLUTE
    ../clib/microlib/longlong.c              0x00000000   Number         0  llshl.o ABSOLUTE
    ../clib/microlib/string/memcpy.c         0x00000000   Number         0  memcpyb.o ABSOLUTE
    ../clib/microlib/string/memcpy.c         0x00000000   Number         0  memcpya.o ABSOLUTE
    ../clib/microlib/string/memset.c         0x00000000   Number         0  memseta.o ABSOLUTE
    ../clib/microlib/stubs.s                 0x00000000   Number         0  iusefp.o ABSOLUTE
    ../fplib/microlib/d2f.c                  0x00000000   Number         0  d2f.o ABSOLUTE
    ../fplib/microlib/f2d.c                  0x00000000   Number         0  f2d.o ABSOLUTE
    ../fplib/microlib/fpadd.c                0x00000000   Number         0  dadd.o ABSOLUTE
    ../fplib/microlib/fpadd.c                0x00000000   Number         0  fadd.o ABSOLUTE
    ../fplib/microlib/fpdiv.c                0x00000000   Number         0  fdiv.o ABSOLUTE
    ../fplib/microlib/fpdiv.c                0x00000000   Number         0  ddiv.o ABSOLUTE
    ../fplib/microlib/fpepilogue.c           0x00000000   Number         0  depilogue.o ABSOLUTE
    ../fplib/microlib/fpepilogue.c           0x00000000   Number         0  fepilogue.o ABSOLUTE
    ../fplib/microlib/fpfix.c                0x00000000   Number         0  ffixi.o ABSOLUTE
    ../fplib/microlib/fpflt.c                0x00000000   Number         0  fflti.o ABSOLUTE
    ../fplib/microlib/fpflt.c                0x00000000   Number         0  ffltui.o ABSOLUTE
    ../fplib/microlib/fpmul.c                0x00000000   Number         0  fmul.o ABSOLUTE
    ../fplib/microlib/fpmul.c                0x00000000   Number         0  dmul.o ABSOLUTE
    ../fplib/microlib/fpscalb.c              0x00000000   Number         0  fscalb.o ABSOLUTE
    ../fplib/microlib/fpscalb.c              0x00000000   Number         0  dscalb.o ABSOLUTE
    ../fplib/microlib/fpsqrt.c               0x00000000   Number         0  dsqrt.o ABSOLUTE
    ../fplib/microlib/fpsqrt.c               0x00000000   Number         0  fsqrt.o ABSOLUTE
    ../mathlib/asin.c                        0x00000000   Number         0  asin_x.o ABSOLUTE
    ../mathlib/asin.c                        0x00000000   Number         0  asin.o ABSOLUTE
    ../mathlib/asinf.c                       0x00000000   Number         0  asinf.o ABSOLUTE
    ../mathlib/asinf.c                       0x00000000   Number         0  asinf_x.o ABSOLUTE
    ../mathlib/atan.c                        0x00000000   Number         0  atan_x.o ABSOLUTE
    ../mathlib/atan.c                        0x00000000   Number         0  atan.o ABSOLUTE
    ../mathlib/atan2.c                       0x00000000   Number         0  atan2.o ABSOLUTE
    ../mathlib/atan2.c                       0x00000000   Number         0  atan2_x.o ABSOLUTE
    ../mathlib/dunder.c                      0x00000000   Number         0  dunder.o ABSOLUTE
    ../mathlib/fpclassify.c                  0x00000000   Number         0  fpclassify.o ABSOLUTE
    ../mathlib/fpclassifyf.c                 0x00000000   Number         0  fpclassifyf.o ABSOLUTE
    ../mathlib/funder.c                      0x00000000   Number         0  funder.o ABSOLUTE
    ../mathlib/poly.c                        0x00000000   Number         0  poly.o ABSOLUTE
    ../mathlib/qnan.c                        0x00000000   Number         0  qnan.o ABSOLUTE
    ../mathlib/sqrt.c                        0x00000000   Number         0  sqrt.o ABSOLUTE
    ../mathlib/sqrt.c                        0x00000000   Number         0  sqrt_x.o ABSOLUTE
    ../mathlib/sqrtf.c                       0x00000000   Number         0  sqrtf.o ABSOLUTE
    ../mathlib/sqrtf.c                       0x00000000   Number         0  sqrtf_x.o ABSOLUTE
    CONFIG\IIC_SOFTWARE.c                    0x00000000   Number         0  iic_software.o ABSOLUTE
    CONFIG\Spi.c                             0x00000000   Number         0  spi.o ABSOLUTE
    CONFIG\TIM.c                             0x00000000   Number         0  tim.o ABSOLUTE
    CONFIG\USART.c                           0x00000000   Number         0  usart.o ABSOLUTE
    HAL\ANO_DT.c                             0x00000000   Number         0  ano_dt.o ABSOLUTE
    HAL\control.c                            0x00000000   Number         0  control.o ABSOLUTE
    HAL\remote.c                             0x00000000   Number         0  remote.o ABSOLUTE
    HARDWARE\LED.c                           0x00000000   Number         0  led.o ABSOLUTE
    HARDWARE\mpu6050.c                       0x00000000   Number         0  mpu6050.o ABSOLUTE
    HARDWARE\nrf24l01.c                      0x00000000   Number         0  nrf24l01.o ABSOLUTE
    Lib\src\misc.c                           0x00000000   Number         0  misc.o ABSOLUTE
    Lib\src\stm32f10x_adc.c                  0x00000000   Number         0  stm32f10x_adc.o ABSOLUTE
    Lib\src\stm32f10x_bkp.c                  0x00000000   Number         0  stm32f10x_bkp.o ABSOLUTE
    Lib\src\stm32f10x_can.c                  0x00000000   Number         0  stm32f10x_can.o ABSOLUTE
    Lib\src\stm32f10x_cec.c                  0x00000000   Number         0  stm32f10x_cec.o ABSOLUTE
    Lib\src\stm32f10x_crc.c                  0x00000000   Number         0  stm32f10x_crc.o ABSOLUTE
    Lib\src\stm32f10x_dac.c                  0x00000000   Number         0  stm32f10x_dac.o ABSOLUTE
    Lib\src\stm32f10x_dbgmcu.c               0x00000000   Number         0  stm32f10x_dbgmcu.o ABSOLUTE
    Lib\src\stm32f10x_dma.c                  0x00000000   Number         0  stm32f10x_dma.o ABSOLUTE
    Lib\src\stm32f10x_exti.c                 0x00000000   Number         0  stm32f10x_exti.o ABSOLUTE
    Lib\src\stm32f10x_flash.c                0x00000000   Number         0  stm32f10x_flash.o ABSOLUTE
    Lib\src\stm32f10x_fsmc.c                 0x00000000   Number         0  stm32f10x_fsmc.o ABSOLUTE
    Lib\src\stm32f10x_gpio.c                 0x00000000   Number         0  stm32f10x_gpio.o ABSOLUTE
    Lib\src\stm32f10x_i2c.c                  0x00000000   Number         0  stm32f10x_i2c.o ABSOLUTE
    Lib\src\stm32f10x_iwdg.c                 0x00000000   Number         0  stm32f10x_iwdg.o ABSOLUTE
    Lib\src\stm32f10x_pwr.c                  0x00000000   Number         0  stm32f10x_pwr.o ABSOLUTE
    Lib\src\stm32f10x_rcc.c                  0x00000000   Number         0  stm32f10x_rcc.o ABSOLUTE
    Lib\src\stm32f10x_rtc.c                  0x00000000   Number         0  stm32f10x_rtc.o ABSOLUTE
    Lib\src\stm32f10x_sdio.c                 0x00000000   Number         0  stm32f10x_sdio.o ABSOLUTE
    Lib\src\stm32f10x_spi.c                  0x00000000   Number         0  stm32f10x_spi.o ABSOLUTE
    Lib\src\stm32f10x_tim.c                  0x00000000   Number         0  stm32f10x_tim.o ABSOLUTE
    Lib\src\stm32f10x_usart.c                0x00000000   Number         0  stm32f10x_usart.o ABSOLUTE
    Lib\src\stm32f10x_wwdg.c                 0x00000000   Number         0  stm32f10x_wwdg.o ABSOLUTE
    MATH\imu.c                               0x00000000   Number         0  imu.o ABSOLUTE
    MATH\kalman.c                            0x00000000   Number         0  kalman.o ABSOLUTE
    MATH\myMath.c                            0x00000000   Number         0  mymath.o ABSOLUTE
    MATH\pid.c                               0x00000000   Number         0  pid.o ABSOLUTE
    StartUp\\core_cm3.c                      0x00000000   Number         0  core_cm3.o ABSOLUTE
    StartUp\core_cm3.c                       0x00000000   Number         0  core_cm3.o ABSOLUTE
    StartUp\startup_stm32f10x_md.s           0x00000000   Number         0  startup_stm32f10x_md.o ABSOLUTE
    StartUp\stm32f10x_it.c                   0x00000000   Number         0  stm32f10x_it.o ABSOLUTE
    StartUp\system_stm32f10x.c               0x00000000   Number         0  system_stm32f10x.o ABSOLUTE
    USER\INIT.c                              0x00000000   Number         0  init.o ABSOLUTE
    USER\delay.c                             0x00000000   Number         0  delay.o ABSOLUTE
    USER\main.c                              0x00000000   Number         0  main.o ABSOLUTE
    cdcmple.s                                0x00000000   Number         0  cdcmple.o ABSOLUTE
    cfcmple.s                                0x00000000   Number         0  cfcmple.o ABSOLUTE
    cfrcmple.s                               0x00000000   Number         0  cfrcmple.o ABSOLUTE
    dc.s                                     0x00000000   Number         0  dc.o ABSOLUTE
    handlers.s                               0x00000000   Number         0  handlers.o ABSOLUTE
    init.s                                   0x00000000   Number         0  init.o ABSOLUTE
    RESET                                    0x08000000   Section      236  startup_stm32f10x_md.o(RESET)
    .ARM.Collect$$$$00000000                 0x080000ec   Section        0  entry.o(.ARM.Collect$$$$00000000)
    .ARM.Collect$$$$00000001                 0x080000ec   Section        4  entry2.o(.ARM.Collect$$$$00000001)
    .ARM.Collect$$$$00000004                 0x080000f0   Section        4  entry5.o(.ARM.Collect$$$$00000004)
    .ARM.Collect$$$$00000008                 0x080000f4   Section        0  entry7b.o(.ARM.Collect$$$$00000008)
    .ARM.Collect$$$$0000000A                 0x080000f4   Section        0  entry8b.o(.ARM.Collect$$$$0000000A)
    .ARM.Collect$$$$0000000B                 0x080000f4   Section        8  entry9a.o(.ARM.Collect$$$$0000000B)
    .ARM.Collect$$$$0000000E                 0x080000fc   Section        4  entry12b.o(.ARM.Collect$$$$0000000E)
    .ARM.Collect$$$$0000000F                 0x08000100   Section        0  entry10a.o(.ARM.Collect$$$$0000000F)
    .ARM.Collect$$$$00000011                 0x08000100   Section        0  entry11a.o(.ARM.Collect$$$$00000011)
    .ARM.Collect$$$$00002712                 0x08000100   Section        4  entry2.o(.ARM.Collect$$$$00002712)
    __lit__00000000                          0x08000100   Data           4  entry2.o(.ARM.Collect$$$$00002712)
    .text                                    0x08000104   Section       36  startup_stm32f10x_md.o(.text)
    .text                                    0x08000128   Section        0  memcpya.o(.text)
    .text                                    0x0800014c   Section        0  memseta.o(.text)
    .text                                    0x08000170   Section        0  fadd.o(.text)
    .text                                    0x08000220   Section        0  fmul.o(.text)
    .text                                    0x08000284   Section        0  fdiv.o(.text)
    .text                                    0x08000300   Section        0  dadd.o(.text)
    .text                                    0x0800044e   Section        0  dmul.o(.text)
    .text                                    0x08000532   Section        0  fflti.o(.text)
    .text                                    0x08000544   Section        0  ffltui.o(.text)
    .text                                    0x0800054e   Section        0  ffixi.o(.text)
    .text                                    0x08000580   Section        0  f2d.o(.text)
    .text                                    0x080005a6   Section        0  d2f.o(.text)
    .text                                    0x080005e0   Section       20  cfcmple.o(.text)
    .text                                    0x080005f4   Section       20  cfrcmple.o(.text)
    .text                                    0x08000608   Section        0  llshl.o(.text)
    .text                                    0x08000626   Section        0  llsshr.o(.text)
    .text                                    0x0800064a   Section        0  fepilogue.o(.text)
    .text                                    0x0800064a   Section        0  iusefp.o(.text)
    .text                                    0x080006b8   Section        0  depilogue.o(.text)
    .text                                    0x08000772   Section        0  ddiv.o(.text)
    .text                                    0x08000850   Section        0  dscalb.o(.text)
    .text                                    0x08000880   Section       48  cdcmple.o(.text)
    .text                                    0x080008b0   Section       36  init.o(.text)
    .text                                    0x080008d4   Section        0  llushr.o(.text)
    .text                                    0x080008f4   Section        0  dsqrt.o(.text)
    i.ALL_Init                               0x08000998   Section        0  init.o(i.ALL_Init)
    i.ANO_Recive                             0x08000a1c   Section        0  ano_dt.o(i.ANO_Recive)
    i.ANTO_Send                              0x08000af8   Section        0  ano_dt.o(i.ANTO_Send)
    ANTO_Send                                0x08000af9   Thumb Code   552  ano_dt.o(i.ANTO_Send)
    i.ANTO_polling                           0x08000d54   Section        0  ano_dt.o(i.ANTO_polling)
    i.BusFault_Handler                       0x08000fac   Section        0  stm32f10x_it.o(i.BusFault_Handler)
    i.CascadePID                             0x08000fb0   Section        0  pid.o(i.CascadePID)
    i.DebugMon_Handler                       0x08000fce   Section        0  stm32f10x_it.o(i.DebugMon_Handler)
    i.FlightPidControl                       0x08000fd0   Section        0  control.o(i.FlightPidControl)
    i.GPIO_Init                              0x08001110   Section        0  stm32f10x_gpio.o(i.GPIO_Init)
    i.GPIO_PinRemapConfig                    0x08001228   Section        0  stm32f10x_gpio.o(i.GPIO_PinRemapConfig)
    i.GPIO_ReadOutputDataBit                 0x080012b8   Section        0  stm32f10x_gpio.o(i.GPIO_ReadOutputDataBit)
    i.GPIO_ResetBits                         0x080012ca   Section        0  stm32f10x_gpio.o(i.GPIO_ResetBits)
    i.GPIO_SetBits                           0x080012ce   Section        0  stm32f10x_gpio.o(i.GPIO_SetBits)
    i.GPIO_WriteBit                          0x080012d2   Section        0  stm32f10x_gpio.o(i.GPIO_WriteBit)
    i.GetAngle                               0x080012dc   Section        0  imu.o(i.GetAngle)
    i.GetSysTime_us                          0x08001a28   Section        0  delay.o(i.GetSysTime_us)
    i.HardFault_Handler                      0x08001a6c   Section        0  stm32f10x_it.o(i.HardFault_Handler)
    i.I2c_Ack                                0x08001a70   Section        0  iic_software.o(i.I2c_Ack)
    I2c_Ack                                  0x08001a71   Thumb Code    58  iic_software.o(i.I2c_Ack)
    i.I2c_NoAck                              0x08001ab0   Section        0  iic_software.o(i.I2c_NoAck)
    I2c_NoAck                                0x08001ab1   Thumb Code    60  iic_software.o(i.I2c_NoAck)
    i.I2c_ReadByte                           0x08001af0   Section        0  iic_software.o(i.I2c_ReadByte)
    I2c_ReadByte                             0x08001af1   Thumb Code    90  iic_software.o(i.I2c_ReadByte)
    i.I2c_SendByte                           0x08001b50   Section        0  iic_software.o(i.I2c_SendByte)
    I2c_SendByte                             0x08001b51   Thumb Code    86  iic_software.o(i.I2c_SendByte)
    i.I2c_Start                              0x08001bac   Section        0  iic_software.o(i.I2c_Start)
    I2c_Start                                0x08001bad   Thumb Code    84  iic_software.o(i.I2c_Start)
    i.I2c_Stop                               0x08001c04   Section        0  iic_software.o(i.I2c_Stop)
    I2c_Stop                                 0x08001c05   Thumb Code    52  iic_software.o(i.I2c_Stop)
    i.I2c_WaitAck                            0x08001c3c   Section        0  iic_software.o(i.I2c_WaitAck)
    I2c_WaitAck                              0x08001c3d   Thumb Code    76  iic_software.o(i.I2c_WaitAck)
    i.I2c_delay                              0x08001c8c   Section        0  iic_software.o(i.I2c_delay)
    i.IIC_Init                               0x08001ca8   Section        0  iic_software.o(i.IIC_Init)
    i.IIC_Read_One_Byte                      0x08001cd4   Section        0  iic_software.o(i.IIC_Read_One_Byte)
    i.IIC_Write_One_Byte                     0x08001d38   Section        0  iic_software.o(i.IIC_Write_One_Byte)
    i.IIC_read_Bytes                         0x08001d7c   Section        0  iic_software.o(i.IIC_read_Bytes)
    i.LEDInit                                0x08001dfc   Section        0  led.o(i.LEDInit)
    i.LEDRefresh                             0x08001e48   Section        0  led.o(i.LEDRefresh)
    i.MemManage_Handler                      0x08001ffc   Section        0  stm32f10x_it.o(i.MemManage_Handler)
    i.MotorControl                           0x08002000   Section        0  control.o(i.MotorControl)
    i.MpuGetData                             0x0800228c   Section        0  mpu6050.o(i.MpuGetData)
    i.MpuGetOffset                           0x08002380   Section        0  mpu6050.o(i.MpuGetOffset)
    i.MpuInit                                0x080024a8   Section        0  mpu6050.o(i.MpuInit)
    i.NMI_Handler                            0x08002524   Section        0  stm32f10x_it.o(i.NMI_Handler)
    i.NRF24L01_Check                         0x08002528   Section        0  nrf24l01.o(i.NRF24L01_Check)
    i.NRF24L01_Configuration                 0x08002574   Section        0  nrf24l01.o(i.NRF24L01_Configuration)
    i.NRF24L01_Read_Buf                      0x08002614   Section        0  nrf24l01.o(i.NRF24L01_Read_Buf)
    i.NRF24L01_Read_Reg                      0x08002658   Section        0  nrf24l01.o(i.NRF24L01_Read_Reg)
    i.NRF24L01_RxPacket                      0x08002684   Section        0  nrf24l01.o(i.NRF24L01_RxPacket)
    i.NRF24L01_Write_Buf                     0x080026b8   Section        0  nrf24l01.o(i.NRF24L01_Write_Buf)
    i.NRF24L01_Write_Reg                     0x080026fc   Section        0  nrf24l01.o(i.NRF24L01_Write_Reg)
    i.NRF24L01_init                          0x0800272c   Section        0  nrf24l01.o(i.NRF24L01_init)
    i.NVIC_Init                              0x08002744   Section        0  misc.o(i.NVIC_Init)
    i.NVIC_PriorityGroupConfig               0x080027b4   Section        0  misc.o(i.NVIC_PriorityGroupConfig)
    i.PendSV_Handler                         0x080027c8   Section        0  stm32f10x_it.o(i.PendSV_Handler)
    i.Q_rsqrt                                0x080027cc   Section        0  mymath.o(i.Q_rsqrt)
    i.RCC_APB1PeriphClockCmd                 0x0800281c   Section        0  stm32f10x_rcc.o(i.RCC_APB1PeriphClockCmd)
    i.RCC_APB2PeriphClockCmd                 0x0800283c   Section        0  stm32f10x_rcc.o(i.RCC_APB2PeriphClockCmd)
    i.RCC_GetClocksFreq                      0x0800285c   Section        0  stm32f10x_rcc.o(i.RCC_GetClocksFreq)
    i.RC_Analy                               0x08002930   Section        0  remote.o(i.RC_Analy)
    i.RX_Mode                                0x08002bec   Section        0  nrf24l01.o(i.RX_Mode)
    i.SPI_Cmd                                0x08002c44   Section        0  stm32f10x_spi.o(i.SPI_Cmd)
    i.SPI_Config                             0x08002c5c   Section        0  spi.o(i.SPI_Config)
    i.SPI_I2S_GetFlagStatus                  0x08002cf0   Section        0  stm32f10x_spi.o(i.SPI_I2S_GetFlagStatus)
    i.SPI_I2S_ReceiveData                    0x08002d02   Section        0  stm32f10x_spi.o(i.SPI_I2S_ReceiveData)
    i.SPI_I2S_SendData                       0x08002d08   Section        0  stm32f10x_spi.o(i.SPI_I2S_SendData)
    i.SPI_Init                               0x08002d0c   Section        0  stm32f10x_spi.o(i.SPI_Init)
    i.SPI_RW                                 0x08002d48   Section        0  spi.o(i.SPI_RW)
    i.SVC_Handler                            0x08002d80   Section        0  stm32f10x_it.o(i.SVC_Handler)
    i.SetSysClock                            0x08002d82   Section        0  system_stm32f10x.o(i.SetSysClock)
    SetSysClock                              0x08002d83   Thumb Code     8  system_stm32f10x.o(i.SetSysClock)
    i.SetSysClockTo72                        0x08002d8c   Section        0  system_stm32f10x.o(i.SetSysClockTo72)
    SetSysClockTo72                          0x08002d8d   Thumb Code   214  system_stm32f10x.o(i.SetSysClockTo72)
    i.SysTick_Handler                        0x08002e6c   Section        0  stm32f10x_it.o(i.SysTick_Handler)
    i.SystemInit                             0x08002e7c   Section        0  system_stm32f10x.o(i.SystemInit)
    i.TIM2_PWM_Config                        0x08002edc   Section        0  tim.o(i.TIM2_PWM_Config)
    i.TIM3_Config                            0x08002fa4   Section        0  tim.o(i.TIM3_Config)
    i.TIM3_IRQHandler                        0x08003008   Section        0  tim.o(i.TIM3_IRQHandler)
    i.TIM_ARRPreloadConfig                   0x08003094   Section        0  stm32f10x_tim.o(i.TIM_ARRPreloadConfig)
    i.TIM_ClearITPendingBit                  0x080030ac   Section        0  stm32f10x_tim.o(i.TIM_ClearITPendingBit)
    i.TIM_Cmd                                0x080030b2   Section        0  stm32f10x_tim.o(i.TIM_Cmd)
    i.TIM_GetITStatus                        0x080030ca   Section        0  stm32f10x_tim.o(i.TIM_GetITStatus)
    i.TIM_ITConfig                           0x080030ec   Section        0  stm32f10x_tim.o(i.TIM_ITConfig)
    i.TIM_OC1Init                            0x08003100   Section        0  stm32f10x_tim.o(i.TIM_OC1Init)
    i.TIM_OC1PreloadConfig                   0x08003198   Section        0  stm32f10x_tim.o(i.TIM_OC1PreloadConfig)
    i.TIM_OC2Init                            0x080031ac   Section        0  stm32f10x_tim.o(i.TIM_OC2Init)
    i.TIM_OC2PreloadConfig                   0x08003250   Section        0  stm32f10x_tim.o(i.TIM_OC2PreloadConfig)
    i.TIM_OC3Init                            0x0800326c   Section        0  stm32f10x_tim.o(i.TIM_OC3Init)
    i.TIM_OC3PreloadConfig                   0x0800330c   Section        0  stm32f10x_tim.o(i.TIM_OC3PreloadConfig)
    i.TIM_OC4Init                            0x08003320   Section        0  stm32f10x_tim.o(i.TIM_OC4Init)
    i.TIM_OC4PreloadConfig                   0x0800339c   Section        0  stm32f10x_tim.o(i.TIM_OC4PreloadConfig)
    i.TIM_TimeBaseInit                       0x080033b8   Section        0  stm32f10x_tim.o(i.TIM_TimeBaseInit)
    i.USART3_Config                          0x0800345c   Section        0  usart.o(i.USART3_Config)
    i.USART3_IRQHandler                      0x08003504   Section        0  ano_dt.o(i.USART3_IRQHandler)
    i.USART3_SendByte                        0x08003608   Section        0  usart.o(i.USART3_SendByte)
    i.USART_Cmd                              0x08003638   Section        0  stm32f10x_usart.o(i.USART_Cmd)
    i.USART_ITConfig                         0x08003650   Section        0  stm32f10x_usart.o(i.USART_ITConfig)
    i.USART_Init                             0x0800369c   Section        0  stm32f10x_usart.o(i.USART_Init)
    i.USART_SendData                         0x08003774   Section        0  stm32f10x_usart.o(i.USART_SendData)
    i.UsageFault_Handler                     0x0800377c   Section        0  stm32f10x_it.o(i.UsageFault_Handler)
    i.__ARM_fpclassify                       0x08003780   Section        0  fpclassify.o(i.__ARM_fpclassify)
    i.__kernel_poly                          0x080037a8   Section        0  poly.o(i.__kernel_poly)
    i.__mathlib_dbl_infnan                   0x08003852   Section        0  dunder.o(i.__mathlib_dbl_infnan)
    i.__mathlib_dbl_infnan2                  0x08003858   Section        0  dunder.o(i.__mathlib_dbl_infnan2)
    i.__mathlib_dbl_invalid                  0x0800385c   Section        0  dunder.o(i.__mathlib_dbl_invalid)
    i.__mathlib_dbl_underflow                0x08003868   Section        0  dunder.o(i.__mathlib_dbl_underflow)
    i.__scatterload_copy                     0x08003878   Section       14  handlers.o(i.__scatterload_copy)
    i.__scatterload_null                     0x08003886   Section        2  handlers.o(i.__scatterload_null)
    i.__scatterload_zeroinit                 0x08003888   Section       14  handlers.o(i.__scatterload_zeroinit)
    i.__set_errno                            0x08003898   Section        0  errno.o(i.__set_errno)
    i.asin                                   0x080038a4   Section        0  asin.o(i.asin)
    i.atan                                   0x08003b14   Section        0  atan.o(i.atan)
    i.atan2                                  0x08003d34   Section        0  atan2.o(i.atan2)
    i.cycleCounterInit                       0x08003ed0   Section        0  delay.o(i.cycleCounterInit)
    i.delay_ms                               0x08003ef4   Section        0  delay.o(i.delay_ms)
    i.kalman_1                               0x08003f16   Section        0  kalman.o(i.kalman_1)
    i.main                                   0x08003f6e   Section        0  main.o(i.main)
    i.pidRest                                0x08003f86   Section        0  pid.o(i.pidRest)
    i.pidUpdate                              0x08003fb2   Section        0  pid.o(i.pidUpdate)
    i.pid_param_Init                         0x0800401c   Section        0  init.o(i.pid_param_Init)
    i.remote_unlock                          0x08004080   Section        0  remote.o(i.remote_unlock)
    i.sqrt                                   0x080041a0   Section        0  sqrt.o(i.sqrt)
    .constdata                               0x080041ec   Section       10  nrf24l01.o(.constdata)
    .constdata                               0x080041f8   Section       24  mymath.o(.constdata)
    .constdata                               0x08004210   Section       80  asin.o(.constdata)
    pS                                       0x08004210   Data          48  asin.o(.constdata)
    qS                                       0x08004240   Data          32  asin.o(.constdata)
    .constdata                               0x08004260   Section      152  atan.o(.constdata)
    atanhi                                   0x08004260   Data          32  atan.o(.constdata)
    atanlo                                   0x08004280   Data          32  atan.o(.constdata)
    aTodd                                    0x080042a0   Data          40  atan.o(.constdata)
    aTeven                                   0x080042c8   Data          48  atan.o(.constdata)
    .constdata                               0x080042f8   Section        8  qnan.o(.constdata)
    .data                                    0x20000000   Section       20  system_stm32f10x.o(.data)
    .data                                    0x20000014   Section        4  delay.o(.data)
    usTicks                                  0x20000014   Data           4  delay.o(.data)
    .data                                    0x20000018   Section       11  init.o(.data)
    .data                                    0x20000023   Section       20  stm32f10x_rcc.o(.data)
    APBAHBPrescTable                         0x20000023   Data          16  stm32f10x_rcc.o(.data)
    ADCPrescTable                            0x20000033   Data           4  stm32f10x_rcc.o(.data)
    .data                                    0x20000037   Section        2  tim.o(.data)
    cnt_3ms                                  0x20000037   Data           1  tim.o(.data)
    cnt_6ms                                  0x20000038   Data           1  tim.o(.data)
    .data                                    0x2000003c   Section        8  led.o(.data)
    LastTime                                 0x20000040   Data           4  led.o(.data)
    .data                                    0x20000044   Section       76  mpu6050.o(.data)
    pMpu                                     0x20000044   Data           4  mpu6050.o(.data)
    ekf                                      0x20000048   Data          72  mpu6050.o(.data)
    .data                                    0x20000090   Section       11  ano_dt.o(.data)
    ANTO_Recived_flag                        0x20000090   Data           1  ano_dt.o(.data)
    status                                   0x20000092   Data           1  ano_dt.o(.data)
    count                                    0x20000093   Data           1  ano_dt.o(.data)
    CheckSend                                0x20000094   Data           7  ano_dt.o(.data)
    .data                                    0x2000009c   Section        7  remote.o(.data)
    cnt                                      0x2000009c   Data           2  remote.o(.data)
    status                                   0x2000009e   Data           1  remote.o(.data)
    cnt                                      0x200000a0   Data           2  remote.o(.data)
    cnt                                      0x200000a2   Data           1  remote.o(.data)
    .data                                    0x200000a4   Section       42  control.o(.data)
    status                                   0x200000cc   Data           1  control.o(.data)
    status                                   0x200000cd   Data           1  control.o(.data)
    .data                                    0x200000d0   Section       28  imu.o(.data)
    NormAcc                                  0x200000d0   Data           4  imu.o(.data)
    KpDef                                    0x200000d4   Data           4  imu.o(.data)
    KiDef                                    0x200000d8   Data           4  imu.o(.data)
    NumQ                                     0x200000dc   Data          16  imu.o(.data)
    .data                                    0x200000ec   Section        4  errno.o(.data)
    _errno                                   0x200000ec   Data           4  errno.o(.data)
    .bss                                     0x200000f0   Section      456  init.o(.bss)
    .bss                                     0x200002b8   Section       24  mpu6050.o(.bss)
    tBuff                                    0x200002c4   Data          12  mpu6050.o(.bss)
    .bss                                     0x200002d0   Section       79  ano_dt.o(.bss)
    RatePID                                  0x200002d0   Data          18  ano_dt.o(.bss)
    AnglePID                                 0x200002e2   Data          18  ano_dt.o(.bss)
    HighPID                                  0x200002f4   Data          18  ano_dt.o(.bss)
    ReciveBuffer                             0x20000306   Data          25  ano_dt.o(.bss)
    .bss                                     0x2000031f   Section       32  remote.o(.bss)
    .bss                                     0x20000340   Section       12  imu.o(.bss)
    GyroIntegError                           0x20000340   Data          12  imu.o(.bss)
    STACK                                    0x20000350   Section     1024  startup_stm32f10x_md.o(STACK)

    Global Symbols

    Symbol Name                              Value     Ov Type        Size  Object(Section)

    BuildAttributes$$THM_ISAv4$P$D$K$B$S$PE$A:L22UL41UL21$X:L11$S22US41US21$IEEE1$IW$USESV6$~STKCKD$USESV7$~SHL$OTIME$ROPI$IEEEX$EBA8$MICROLIB$REQ8$PRES8$EABIv2 0x00000000   Number         0  anon$$obj.o ABSOLUTE
    __ARM_use_no_argv                        0x00000000   Number         0  main.o ABSOLUTE
    __arm_fini_                               - Undefined Weak Reference
    __cpp_initialize__aeabi_                  - Undefined Weak Reference
    __cxa_finalize                            - Undefined Weak Reference
    __decompress                              - Undefined Weak Reference
    _clock_init                               - Undefined Weak Reference
    _microlib_exit                            - Undefined Weak Reference
    __Vectors_Size                           0x000000ec   Number         0  startup_stm32f10x_md.o ABSOLUTE
    __Vectors                                0x08000000   Data           4  startup_stm32f10x_md.o(RESET)
    __Vectors_End                            0x080000ec   Data           0  startup_stm32f10x_md.o(RESET)
    __main                                   0x080000ed   Thumb Code     0  entry.o(.ARM.Collect$$$$00000000)
    _main_stk                                0x080000ed   Thumb Code     0  entry2.o(.ARM.Collect$$$$00000001)
    _main_scatterload                        0x080000f1   Thumb Code     0  entry5.o(.ARM.Collect$$$$00000004)
    __main_after_scatterload                 0x080000f5   Thumb Code     0  entry5.o(.ARM.Collect$$$$00000004)
    _main_clock                              0x080000f5   Thumb Code     0  entry7b.o(.ARM.Collect$$$$00000008)
    _main_cpp_init                           0x080000f5   Thumb Code     0  entry8b.o(.ARM.Collect$$$$0000000A)
    _main_init                               0x080000f5   Thumb Code     0  entry9a.o(.ARM.Collect$$$$0000000B)
    __rt_lib_shutdown_fini                   0x080000fd   Thumb Code     0  entry12b.o(.ARM.Collect$$$$0000000E)
    __rt_final_cpp                           0x08000101   Thumb Code     0  entry10a.o(.ARM.Collect$$$$0000000F)
    __rt_final_exit                          0x08000101   Thumb Code     0  entry11a.o(.ARM.Collect$$$$00000011)
    Reset_Handler                            0x08000105   Thumb Code     8  startup_stm32f10x_md.o(.text)
    ADC1_2_IRQHandler                        0x0800011f   Thumb Code     0  startup_stm32f10x_md.o(.text)
    CAN1_RX1_IRQHandler                      0x0800011f   Thumb Code     0  startup_stm32f10x_md.o(.text)
    CAN1_SCE_IRQHandler                      0x0800011f   Thumb Code     0  startup_stm32f10x_md.o(.text)
    DMA1_Channel1_IRQHandler                 0x0800011f   Thumb Code     0  startup_stm32f10x_md.o(.text)
    DMA1_Channel2_IRQHandler                 0x0800011f   Thumb Code     0  startup_stm32f10x_md.o(.text)
    DMA1_Channel3_IRQHandler                 0x0800011f   Thumb Code     0  startup_stm32f10x_md.o(.text)
    DMA1_Channel4_IRQHandler                 0x0800011f   Thumb Code     0  startup_stm32f10x_md.o(.text)
    DMA1_Channel5_IRQHandler                 0x0800011f   Thumb Code     0  startup_stm32f10x_md.o(.text)
    DMA1_Channel6_IRQHandler                 0x0800011f   Thumb Code     0  startup_stm32f10x_md.o(.text)
    DMA1_Channel7_IRQHandler                 0x0800011f   Thumb Code     0  startup_stm32f10x_md.o(.text)
    EXTI0_IRQHandler                         0x0800011f   Thumb Code     0  startup_stm32f10x_md.o(.text)
    EXTI15_10_IRQHandler                     0x0800011f   Thumb Code     0  startup_stm32f10x_md.o(.text)
    EXTI1_IRQHandler                         0x0800011f   Thumb Code     0  startup_stm32f10x_md.o(.text)
    EXTI2_IRQHandler                         0x0800011f   Thumb Code     0  startup_stm32f10x_md.o(.text)
    EXTI3_IRQHandler                         0x0800011f   Thumb Code     0  startup_stm32f10x_md.o(.text)
    EXTI4_IRQHandler                         0x0800011f   Thumb Code     0  startup_stm32f10x_md.o(.text)
    EXTI9_5_IRQHandler                       0x0800011f   Thumb Code     0  startup_stm32f10x_md.o(.text)
    FLASH_IRQHandler                         0x0800011f   Thumb Code     0  startup_stm32f10x_md.o(.text)
    I2C1_ER_IRQHandler                       0x0800011f   Thumb Code     0  startup_stm32f10x_md.o(.text)
    I2C1_EV_IRQHandler                       0x0800011f   Thumb Code     0  startup_stm32f10x_md.o(.text)
    I2C2_ER_IRQHandler                       0x0800011f   Thumb Code     0  startup_stm32f10x_md.o(.text)
    I2C2_EV_IRQHandler                       0x0800011f   Thumb Code     0  startup_stm32f10x_md.o(.text)
    PVD_IRQHandler                           0x0800011f   Thumb Code     0  startup_stm32f10x_md.o(.text)
    RCC_IRQHandler                           0x0800011f   Thumb Code     0  startup_stm32f10x_md.o(.text)
    RTCAlarm_IRQHandler                      0x0800011f   Thumb Code     0  startup_stm32f10x_md.o(.text)
    RTC_IRQHandler                           0x0800011f   Thumb Code     0  startup_stm32f10x_md.o(.text)
    SPI1_IRQHandler                          0x0800011f   Thumb Code     0  startup_stm32f10x_md.o(.text)
    SPI2_IRQHandler                          0x0800011f   Thumb Code     0  startup_stm32f10x_md.o(.text)
    TAMPER_IRQHandler                        0x0800011f   Thumb Code     0  startup_stm32f10x_md.o(.text)
    TIM1_BRK_IRQHandler                      0x0800011f   Thumb Code     0  startup_stm32f10x_md.o(.text)
    TIM1_CC_IRQHandler                       0x0800011f   Thumb Code     0  startup_stm32f10x_md.o(.text)
    TIM1_TRG_COM_IRQHandler                  0x0800011f   Thumb Code     0  startup_stm32f10x_md.o(.text)
    TIM1_UP_IRQHandler                       0x0800011f   Thumb Code     0  startup_stm32f10x_md.o(.text)
    TIM2_IRQHandler                          0x0800011f   Thumb Code     0  startup_stm32f10x_md.o(.text)
    TIM4_IRQHandler                          0x0800011f   Thumb Code     0  startup_stm32f10x_md.o(.text)
    USART1_IRQHandler                        0x0800011f   Thumb Code     0  startup_stm32f10x_md.o(.text)
    USART2_IRQHandler                        0x0800011f   Thumb Code     0  startup_stm32f10x_md.o(.text)
    USBWakeUp_IRQHandler                     0x0800011f   Thumb Code     0  startup_stm32f10x_md.o(.text)
    USB_HP_CAN1_TX_IRQHandler                0x0800011f   Thumb Code     0  startup_stm32f10x_md.o(.text)
    USB_LP_CAN1_RX0_IRQHandler               0x0800011f   Thumb Code     0  startup_stm32f10x_md.o(.text)
    WWDG_IRQHandler                          0x0800011f   Thumb Code     0  startup_stm32f10x_md.o(.text)
    __aeabi_memcpy                           0x08000129   Thumb Code    36  memcpya.o(.text)
    __aeabi_memcpy4                          0x08000129   Thumb Code     0  memcpya.o(.text)
    __aeabi_memcpy8                          0x08000129   Thumb Code     0  memcpya.o(.text)
    __aeabi_memset                           0x0800014d   Thumb Code    14  memseta.o(.text)
    __aeabi_memset4                          0x0800014d   Thumb Code     0  memseta.o(.text)
    __aeabi_memset8                          0x0800014d   Thumb Code     0  memseta.o(.text)
    __aeabi_memclr                           0x0800015b   Thumb Code     4  memseta.o(.text)
    __aeabi_memclr4                          0x0800015b   Thumb Code     0  memseta.o(.text)
    __aeabi_memclr8                          0x0800015b   Thumb Code     0  memseta.o(.text)
    _memset$wrapper                          0x0800015f   Thumb Code    18  memseta.o(.text)
    __aeabi_fadd                             0x08000171   Thumb Code   164  fadd.o(.text)
    __aeabi_fsub                             0x08000215   Thumb Code     6  fadd.o(.text)
    __aeabi_frsub                            0x0800021b   Thumb Code     6  fadd.o(.text)
    __aeabi_fmul                             0x08000221   Thumb Code   100  fmul.o(.text)
    __aeabi_fdiv                             0x08000285   Thumb Code   124  fdiv.o(.text)
    __aeabi_dadd                             0x08000301   Thumb Code   322  dadd.o(.text)
    __aeabi_dsub                             0x08000443   Thumb Code     6  dadd.o(.text)
    __aeabi_drsub                            0x08000449   Thumb Code     6  dadd.o(.text)
    __aeabi_dmul                             0x0800044f   Thumb Code   228  dmul.o(.text)
    __aeabi_i2f                              0x08000533   Thumb Code    18  fflti.o(.text)
    __aeabi_ui2f                             0x08000545   Thumb Code    10  ffltui.o(.text)
    __aeabi_f2iz                             0x0800054f   Thumb Code    50  ffixi.o(.text)
    __aeabi_f2d                              0x08000581   Thumb Code    38  f2d.o(.text)
    __aeabi_d2f                              0x080005a7   Thumb Code    56  d2f.o(.text)
    __aeabi_cfcmpeq                          0x080005e1   Thumb Code     0  cfcmple.o(.text)
    __aeabi_cfcmple                          0x080005e1   Thumb Code    20  cfcmple.o(.text)
    __aeabi_cfrcmple                         0x080005f5   Thumb Code    20  cfrcmple.o(.text)
    __aeabi_llsl                             0x08000609   Thumb Code    30  llshl.o(.text)
    _ll_shift_l                              0x08000609   Thumb Code     0  llshl.o(.text)
    __aeabi_lasr                             0x08000627   Thumb Code    36  llsshr.o(.text)
    _ll_sshift_r                             0x08000627   Thumb Code     0  llsshr.o(.text)
    __I$use$fp                               0x0800064b   Thumb Code     0  iusefp.o(.text)
    _float_round                             0x0800064b   Thumb Code    18  fepilogue.o(.text)
    _float_epilogue                          0x0800065d   Thumb Code    92  fepilogue.o(.text)
    _double_round                            0x080006b9   Thumb Code    30  depilogue.o(.text)
    _double_epilogue                         0x080006d7   Thumb Code   156  depilogue.o(.text)
    __aeabi_ddiv                             0x08000773   Thumb Code   222  ddiv.o(.text)
    __ARM_scalbn                             0x08000851   Thumb Code    46  dscalb.o(.text)
    scalbn                                   0x08000851   Thumb Code     0  dscalb.o(.text)
    __aeabi_cdcmpeq                          0x08000881   Thumb Code     0  cdcmple.o(.text)
    __aeabi_cdcmple                          0x08000881   Thumb Code    48  cdcmple.o(.text)
    __scatterload                            0x080008b1   Thumb Code    28  init.o(.text)
    __scatterload_rt2                        0x080008b1   Thumb Code     0  init.o(.text)
    __aeabi_llsr                             0x080008d5   Thumb Code    32  llushr.o(.text)
    _ll_ushift_r                             0x080008d5   Thumb Code     0  llushr.o(.text)
    _dsqrt                                   0x080008f5   Thumb Code   162  dsqrt.o(.text)
    ALL_Init                                 0x08000999   Thumb Code   120  init.o(i.ALL_Init)
    ANO_Recive                               0x08000a1d   Thumb Code   202  ano_dt.o(i.ANO_Recive)
    ANTO_polling                             0x08000d55   Thumb Code   544  ano_dt.o(i.ANTO_polling)
    BusFault_Handler                         0x08000fad   Thumb Code     4  stm32f10x_it.o(i.BusFault_Handler)
    CascadePID                               0x08000fb1   Thumb Code    30  pid.o(i.CascadePID)
    DebugMon_Handler                         0x08000fcf   Thumb Code     2  stm32f10x_it.o(i.DebugMon_Handler)
    FlightPidControl                         0x08000fd1   Thumb Code   272  control.o(i.FlightPidControl)
    GPIO_Init                                0x08001111   Thumb Code   278  stm32f10x_gpio.o(i.GPIO_Init)
    GPIO_PinRemapConfig                      0x08001229   Thumb Code   138  stm32f10x_gpio.o(i.GPIO_PinRemapConfig)
    GPIO_ReadOutputDataBit                   0x080012b9   Thumb Code    18  stm32f10x_gpio.o(i.GPIO_ReadOutputDataBit)
    GPIO_ResetBits                           0x080012cb   Thumb Code     4  stm32f10x_gpio.o(i.GPIO_ResetBits)
    GPIO_SetBits                             0x080012cf   Thumb Code     4  stm32f10x_gpio.o(i.GPIO_SetBits)
    GPIO_WriteBit                            0x080012d3   Thumb Code    10  stm32f10x_gpio.o(i.GPIO_WriteBit)
    GetAngle                                 0x080012dd   Thumb Code  1846  imu.o(i.GetAngle)
    GetSysTime_us                            0x08001a29   Thumb Code    58  delay.o(i.GetSysTime_us)
    HardFault_Handler                        0x08001a6d   Thumb Code     4  stm32f10x_it.o(i.HardFault_Handler)
    I2c_delay                                0x08001c8d   Thumb Code    28  iic_software.o(i.I2c_delay)
    IIC_Init                                 0x08001ca9   Thumb Code    38  iic_software.o(i.IIC_Init)
    IIC_Read_One_Byte                        0x08001cd5   Thumb Code   100  iic_software.o(i.IIC_Read_One_Byte)
    IIC_Write_One_Byte                       0x08001d39   Thumb Code    68  iic_software.o(i.IIC_Write_One_Byte)
    IIC_read_Bytes                           0x08001d7d   Thumb Code   128  iic_software.o(i.IIC_read_Bytes)
    LEDInit                                  0x08001dfd   Thumb Code    64  led.o(i.LEDInit)
    LEDRefresh                               0x08001e49   Thumb Code   418  led.o(i.LEDRefresh)
    MemManage_Handler                        0x08001ffd   Thumb Code     4  stm32f10x_it.o(i.MemManage_Handler)
    MotorControl                             0x08002001   Thumb Code   616  control.o(i.MotorControl)
    MpuGetData                               0x0800228d   Thumb Code   220  mpu6050.o(i.MpuGetData)
    MpuGetOffset                             0x08002381   Thumb Code   284  mpu6050.o(i.MpuGetOffset)
    MpuInit                                  0x080024a9   Thumb Code   124  mpu6050.o(i.MpuInit)
    NMI_Handler                              0x08002525   Thumb Code     2  stm32f10x_it.o(i.NMI_Handler)
    NRF24L01_Check                           0x08002529   Thumb Code    68  nrf24l01.o(i.NRF24L01_Check)
    NRF24L01_Configuration                   0x08002575   Thumb Code   152  nrf24l01.o(i.NRF24L01_Configuration)
    NRF24L01_Read_Buf                        0x08002615   Thumb Code    62  nrf24l01.o(i.NRF24L01_Read_Buf)
    NRF24L01_Read_Reg                        0x08002659   Thumb Code    40  nrf24l01.o(i.NRF24L01_Read_Reg)
    NRF24L01_RxPacket                        0x08002685   Thumb Code    52  nrf24l01.o(i.NRF24L01_RxPacket)
    NRF24L01_Write_Buf                       0x080026b9   Thumb Code    62  nrf24l01.o(i.NRF24L01_Write_Buf)
    NRF24L01_Write_Reg                       0x080026fd   Thumb Code    42  nrf24l01.o(i.NRF24L01_Write_Reg)
    NRF24L01_init                            0x0800272d   Thumb Code    22  nrf24l01.o(i.NRF24L01_init)
    NVIC_Init                                0x08002745   Thumb Code   100  misc.o(i.NVIC_Init)
    NVIC_PriorityGroupConfig                 0x080027b5   Thumb Code    10  misc.o(i.NVIC_PriorityGroupConfig)
    PendSV_Handler                           0x080027c9   Thumb Code     2  stm32f10x_it.o(i.PendSV_Handler)
    Q_rsqrt                                  0x080027cd   Thumb Code    74  mymath.o(i.Q_rsqrt)
    RCC_APB1PeriphClockCmd                   0x0800281d   Thumb Code    26  stm32f10x_rcc.o(i.RCC_APB1PeriphClockCmd)
    RCC_APB2PeriphClockCmd                   0x0800283d   Thumb Code    26  stm32f10x_rcc.o(i.RCC_APB2PeriphClockCmd)
    RCC_GetClocksFreq                        0x0800285d   Thumb Code   192  stm32f10x_rcc.o(i.RCC_GetClocksFreq)
    RC_Analy                                 0x08002931   Thumb Code   668  remote.o(i.RC_Analy)
    RX_Mode                                  0x08002bed   Thumb Code    80  nrf24l01.o(i.RX_Mode)
    SPI_Cmd                                  0x08002c45   Thumb Code    24  stm32f10x_spi.o(i.SPI_Cmd)
    SPI_Config                               0x08002c5d   Thumb Code   140  spi.o(i.SPI_Config)
    SPI_I2S_GetFlagStatus                    0x08002cf1   Thumb Code    18  stm32f10x_spi.o(i.SPI_I2S_GetFlagStatus)
    SPI_I2S_ReceiveData                      0x08002d03   Thumb Code     6  stm32f10x_spi.o(i.SPI_I2S_ReceiveData)
    SPI_I2S_SendData                         0x08002d09   Thumb Code     4  stm32f10x_spi.o(i.SPI_I2S_SendData)
    SPI_Init                                 0x08002d0d   Thumb Code    60  stm32f10x_spi.o(i.SPI_Init)
    SPI_RW                                   0x08002d49   Thumb Code    50  spi.o(i.SPI_RW)
    SVC_Handler                              0x08002d81   Thumb Code     2  stm32f10x_it.o(i.SVC_Handler)
    SysTick_Handler                          0x08002e6d   Thumb Code    12  stm32f10x_it.o(i.SysTick_Handler)
    SystemInit                               0x08002e7d   Thumb Code    78  system_stm32f10x.o(i.SystemInit)
    TIM2_PWM_Config                          0x08002edd   Thumb Code   194  tim.o(i.TIM2_PWM_Config)
    TIM3_Config                              0x08002fa5   Thumb Code    94  tim.o(i.TIM3_Config)
    TIM3_IRQHandler                          0x08003009   Thumb Code   108  tim.o(i.TIM3_IRQHandler)
    TIM_ARRPreloadConfig                     0x08003095   Thumb Code    24  stm32f10x_tim.o(i.TIM_ARRPreloadConfig)
    TIM_ClearITPendingBit                    0x080030ad   Thumb Code     6  stm32f10x_tim.o(i.TIM_ClearITPendingBit)
    TIM_Cmd                                  0x080030b3   Thumb Code    24  stm32f10x_tim.o(i.TIM_Cmd)
    TIM_GetITStatus                          0x080030cb   Thumb Code    34  stm32f10x_tim.o(i.TIM_GetITStatus)
    TIM_ITConfig                             0x080030ed   Thumb Code    18  stm32f10x_tim.o(i.TIM_ITConfig)
    TIM_OC1Init                              0x08003101   Thumb Code   132  stm32f10x_tim.o(i.TIM_OC1Init)
    TIM_OC1PreloadConfig                     0x08003199   Thumb Code    18  stm32f10x_tim.o(i.TIM_OC1PreloadConfig)
    TIM_OC2Init                              0x080031ad   Thumb Code   154  stm32f10x_tim.o(i.TIM_OC2Init)
    TIM_OC2PreloadConfig                     0x08003251   Thumb Code    26  stm32f10x_tim.o(i.TIM_OC2PreloadConfig)
    TIM_OC3Init                              0x0800326d   Thumb Code   150  stm32f10x_tim.o(i.TIM_OC3Init)
    TIM_OC3PreloadConfig                     0x0800330d   Thumb Code    18  stm32f10x_tim.o(i.TIM_OC3PreloadConfig)
    TIM_OC4Init                              0x08003321   Thumb Code   114  stm32f10x_tim.o(i.TIM_OC4Init)
    TIM_OC4PreloadConfig                     0x0800339d   Thumb Code    26  stm32f10x_tim.o(i.TIM_OC4PreloadConfig)
    TIM_TimeBaseInit                         0x080033b9   Thumb Code   122  stm32f10x_tim.o(i.TIM_TimeBaseInit)
    USART3_Config                            0x0800345d   Thumb Code   150  usart.o(i.USART3_Config)
    USART3_IRQHandler                        0x08003505   Thumb Code   244  ano_dt.o(i.USART3_IRQHandler)
    USART3_SendByte                          0x08003609   Thumb Code    44  usart.o(i.USART3_SendByte)
    USART_Cmd                                0x08003639   Thumb Code    24  stm32f10x_usart.o(i.USART_Cmd)
    USART_ITConfig                           0x08003651   Thumb Code    74  stm32f10x_usart.o(i.USART_ITConfig)
    USART_Init                               0x0800369d   Thumb Code   210  stm32f10x_usart.o(i.USART_Init)
    USART_SendData                           0x08003775   Thumb Code     8  stm32f10x_usart.o(i.USART_SendData)
    UsageFault_Handler                       0x0800377d   Thumb Code     4  stm32f10x_it.o(i.UsageFault_Handler)
    __ARM_fpclassify                         0x08003781   Thumb Code    40  fpclassify.o(i.__ARM_fpclassify)
    __kernel_poly                            0x080037a9   Thumb Code   170  poly.o(i.__kernel_poly)
    __mathlib_dbl_infnan                     0x08003853   Thumb Code     6  dunder.o(i.__mathlib_dbl_infnan)
    __mathlib_dbl_infnan2                    0x08003859   Thumb Code     4  dunder.o(i.__mathlib_dbl_infnan2)
    __mathlib_dbl_invalid                    0x0800385d   Thumb Code    12  dunder.o(i.__mathlib_dbl_invalid)
    __mathlib_dbl_underflow                  0x08003869   Thumb Code    10  dunder.o(i.__mathlib_dbl_underflow)
    __scatterload_copy                       0x08003879   Thumb Code    14  handlers.o(i.__scatterload_copy)
    __scatterload_null                       0x08003887   Thumb Code     2  handlers.o(i.__scatterload_null)
    __scatterload_zeroinit                   0x08003889   Thumb Code    14  handlers.o(i.__scatterload_zeroinit)
    __set_errno                              0x08003899   Thumb Code     6  errno.o(i.__set_errno)
    asin                                     0x080038a5   Thumb Code   572  asin.o(i.asin)
    atan                                     0x08003b15   Thumb Code   474  atan.o(i.atan)
    atan2                                    0x08003d35   Thumb Code   374  atan2.o(i.atan2)
    cycleCounterInit                         0x08003ed1   Thumb Code    26  delay.o(i.cycleCounterInit)
    delay_ms                                 0x08003ef5   Thumb Code    34  delay.o(i.delay_ms)
    kalman_1                                 0x08003f17   Thumb Code    88  kalman.o(i.kalman_1)
    main                                     0x08003f6f   Thumb Code    24  main.o(i.main)
    pidRest                                  0x08003f87   Thumb Code    44  pid.o(i.pidRest)
    pidUpdate                                0x08003fb3   Thumb Code   106  pid.o(i.pidUpdate)
    pid_param_Init                           0x0800401d   Thumb Code    68  init.o(i.pid_param_Init)
    remote_unlock                            0x08004081   Thumb Code   264  remote.o(i.remote_unlock)
    sqrt                                     0x080041a1   Thumb Code    76  sqrt.o(i.sqrt)
    TX_ADDRESS                               0x080041ec   Data           5  nrf24l01.o(.constdata)
    RX_ADDRESS                               0x080041f1   Data           5  nrf24l01.o(.constdata)
    M_PI                                     0x080041f8   Data           4  mymath.o(.constdata)
    RtA                                      0x080041fc   Data           4  mymath.o(.constdata)
    AtR                                      0x08004200   Data           4  mymath.o(.constdata)
    Gyro_G                                   0x08004204   Data           4  mymath.o(.constdata)
    Gyro_Gr                                  0x08004208   Data           4  mymath.o(.constdata)
    PI_2                                     0x0800420c   Data           4  mymath.o(.constdata)
    __mathlib_zero                           0x080042f8   Data           8  qnan.o(.constdata)
    Region$$Table$$Base                      0x08004300   Number         0  anon$$obj.o(Region$$Table)
    Region$$Table$$Limit                     0x08004320   Number         0  anon$$obj.o(Region$$Table)
    SystemCoreClock                          0x20000000   Data           4  system_stm32f10x.o(.data)
    AHBPrescTable                            0x20000004   Data          16  system_stm32f10x.o(.data)
    SysTick_count                            0x20000018   Data           4  init.o(.data)
    AK8975                                   0x2000001c   Data           6  init.o(.data)
    ALL_flag                                 0x20000022   Data           1  init.o(.data)
    LED                                      0x2000003c   Data           4  led.o(.data)
    CMD2                                     0x20000091   Data           1  ano_dt.o(.data)
    pPidObject                               0x200000a4   Data          32  control.o(.data)
    motor                                    0x200000c4   Data           8  control.o(.data)
    MPU6050                                  0x200000f0   Data          12  init.o(.bss)
    Angle                                    0x200000fc   Data          12  init.o(.bss)
    Remote                                   0x20000108   Data          16  init.o(.bss)
    pidRateX                                 0x20000118   Data          52  init.o(.bss)
    pidRateY                                 0x2000014c   Data          52  init.o(.bss)
    pidRateZ                                 0x20000180   Data          52  init.o(.bss)
    pidPitch                                 0x200001b4   Data          52  init.o(.bss)
    pidRoll                                  0x200001e8   Data          52  init.o(.bss)
    pidYaw                                   0x2000021c   Data          52  init.o(.bss)
    pidHeightRate                            0x20000250   Data          52  init.o(.bss)
    pidHeightHigh                            0x20000284   Data          52  init.o(.bss)
    MpuOffset                                0x200002b8   Data          12  mpu6050.o(.bss)
    RC_rxData                                0x2000031f   Data          32  remote.o(.bss)
    __initial_sp                             0x20000750   Data           0  startup_stm32f10x_md.o(STACK)



==============================================================================

Memory Map of the image

  Image Entry point : 0x080000ed

  Load Region LR_IROM1 (Base: 0x08000000, Size: 0x00004410, Max: 0x00010000, ABSOLUTE)

    Execution Region ER_IROM1 (Exec base: 0x08000000, Load base: 0x08000000, Size: 0x00004320, Max: 0x00010000, ABSOLUTE)

    Exec Addr    Load Addr    Size         Type   Attr      Idx    E Section Name        Object

    0x08000000   0x08000000   0x000000ec   Data   RO          105    RESET               startup_stm32f10x_md.o
    0x080000ec   0x080000ec   0x00000000   Code   RO         4079  * .ARM.Collect$$$$00000000  mc_w.l(entry.o)
    0x080000ec   0x080000ec   0x00000004   Code   RO         4173    .ARM.Collect$$$$00000001  mc_w.l(entry2.o)
    0x080000f0   0x080000f0   0x00000004   Code   RO         4176    .ARM.Collect$$$$00000004  mc_w.l(entry5.o)
    0x080000f4   0x080000f4   0x00000000   Code   RO         4178    .ARM.Collect$$$$00000008  mc_w.l(entry7b.o)
    0x080000f4   0x080000f4   0x00000000   Code   RO         4180    .ARM.Collect$$$$0000000A  mc_w.l(entry8b.o)
    0x080000f4   0x080000f4   0x00000008   Code   RO         4181    .ARM.Collect$$$$0000000B  mc_w.l(entry9a.o)
    0x080000fc   0x080000fc   0x00000004   Code   RO         4188    .ARM.Collect$$$$0000000E  mc_w.l(entry12b.o)
    0x08000100   0x08000100   0x00000000   Code   RO         4183    .ARM.Collect$$$$0000000F  mc_w.l(entry10a.o)
    0x08000100   0x08000100   0x00000000   Code   RO         4185    .ARM.Collect$$$$00000011  mc_w.l(entry11a.o)
    0x08000100   0x08000100   0x00000004   Code   RO         4174    .ARM.Collect$$$$00002712  mc_w.l(entry2.o)
    0x08000104   0x08000104   0x00000024   Code   RO          106    .text               startup_stm32f10x_md.o
    0x08000128   0x08000128   0x00000024   Code   RO         4082    .text               mc_w.l(memcpya.o)
    0x0800014c   0x0800014c   0x00000024   Code   RO         4084    .text               mc_w.l(memseta.o)
    0x08000170   0x08000170   0x000000b0   Code   RO         4088    .text               mf_w.l(fadd.o)
    0x08000220   0x08000220   0x00000064   Code   RO         4090    .text               mf_w.l(fmul.o)
    0x08000284   0x08000284   0x0000007c   Code   RO         4092    .text               mf_w.l(fdiv.o)
    0x08000300   0x08000300   0x0000014e   Code   RO         4094    .text               mf_w.l(dadd.o)
    0x0800044e   0x0800044e   0x000000e4   Code   RO         4096    .text               mf_w.l(dmul.o)
    0x08000532   0x08000532   0x00000012   Code   RO         4098    .text               mf_w.l(fflti.o)
    0x08000544   0x08000544   0x0000000a   Code   RO         4100    .text               mf_w.l(ffltui.o)
    0x0800054e   0x0800054e   0x00000032   Code   RO         4102    .text               mf_w.l(ffixi.o)
    0x08000580   0x08000580   0x00000026   Code   RO         4104    .text               mf_w.l(f2d.o)
    0x080005a6   0x080005a6   0x00000038   Code   RO         4106    .text               mf_w.l(d2f.o)
    0x080005de   0x080005de   0x00000002   PAD
    0x080005e0   0x080005e0   0x00000014   Code   RO         4108    .text               mf_w.l(cfcmple.o)
    0x080005f4   0x080005f4   0x00000014   Code   RO         4110    .text               mf_w.l(cfrcmple.o)
    0x08000608   0x08000608   0x0000001e   Code   RO         4189    .text               mc_w.l(llshl.o)
    0x08000626   0x08000626   0x00000024   Code   RO         4191    .text               mc_w.l(llsshr.o)
    0x0800064a   0x0800064a   0x00000000   Code   RO         4200    .text               mc_w.l(iusefp.o)
    0x0800064a   0x0800064a   0x0000006e   Code   RO         4201    .text               mf_w.l(fepilogue.o)
    0x080006b8   0x080006b8   0x000000ba   Code   RO         4205    .text               mf_w.l(depilogue.o)
    0x08000772   0x08000772   0x000000de   Code   RO         4207    .text               mf_w.l(ddiv.o)
    0x08000850   0x08000850   0x0000002e   Code   RO         4209    .text               mf_w.l(dscalb.o)
    0x0800087e   0x0800087e   0x00000002   PAD
    0x08000880   0x08000880   0x00000030   Code   RO         4211    .text               mf_w.l(cdcmple.o)
    0x080008b0   0x080008b0   0x00000024   Code   RO         4213    .text               mc_w.l(init.o)
    0x080008d4   0x080008d4   0x00000020   Code   RO         4215    .text               mc_w.l(llushr.o)
    0x080008f4   0x080008f4   0x000000a2   Code   RO         4219    .text               mf_w.l(dsqrt.o)
    0x08000996   0x08000996   0x00000002   PAD
    0x08000998   0x08000998   0x00000084   Code   RO          321    i.ALL_Init          init.o
    0x08000a1c   0x08000a1c   0x000000dc   Code   RO         3731    i.ANO_Recive        ano_dt.o
    0x08000af8   0x08000af8   0x0000025c   Code   RO         3732    i.ANTO_Send         ano_dt.o
    0x08000d54   0x08000d54   0x00000258   Code   RO         3733    i.ANTO_polling      ano_dt.o
    0x08000fac   0x08000fac   0x00000004   Code   RO          110    i.BusFault_Handler  stm32f10x_it.o
    0x08000fb0   0x08000fb0   0x0000001e   Code   RO         3907    i.CascadePID        pid.o
    0x08000fce   0x08000fce   0x00000002   Code   RO          111    i.DebugMon_Handler  stm32f10x_it.o
    0x08000fd0   0x08000fd0   0x00000140   Code   RO         3813    i.FlightPidControl  control.o
    0x08001110   0x08001110   0x00000116   Code   RO         1519    i.GPIO_Init         stm32f10x_gpio.o
    0x08001226   0x08001226   0x00000002   PAD
    0x08001228   0x08001228   0x00000090   Code   RO         1521    i.GPIO_PinRemapConfig  stm32f10x_gpio.o
    0x080012b8   0x080012b8   0x00000012   Code   RO         1525    i.GPIO_ReadOutputDataBit  stm32f10x_gpio.o
    0x080012ca   0x080012ca   0x00000004   Code   RO         1526    i.GPIO_ResetBits    stm32f10x_gpio.o
    0x080012ce   0x080012ce   0x00000004   Code   RO         1527    i.GPIO_SetBits      stm32f10x_gpio.o
    0x080012d2   0x080012d2   0x0000000a   Code   RO         1530    i.GPIO_WriteBit     stm32f10x_gpio.o
    0x080012dc   0x080012dc   0x0000074c   Code   RO         3938    i.GetAngle          imu.o
    0x08001a28   0x08001a28   0x00000044   Code   RO          285    i.GetSysTime_us     delay.o
    0x08001a6c   0x08001a6c   0x00000004   Code   RO          112    i.HardFault_Handler  stm32f10x_it.o
    0x08001a70   0x08001a70   0x00000040   Code   RO         3344    i.I2c_Ack           iic_software.o
    0x08001ab0   0x08001ab0   0x00000040   Code   RO         3345    i.I2c_NoAck         iic_software.o
    0x08001af0   0x08001af0   0x00000060   Code   RO         3346    i.I2c_ReadByte      iic_software.o
    0x08001b50   0x08001b50   0x0000005c   Code   RO         3347    i.I2c_SendByte      iic_software.o
    0x08001bac   0x08001bac   0x00000058   Code   RO         3348    i.I2c_Start         iic_software.o
    0x08001c04   0x08001c04   0x00000038   Code   RO         3349    i.I2c_Stop          iic_software.o
    0x08001c3c   0x08001c3c   0x00000050   Code   RO         3350    i.I2c_WaitAck       iic_software.o
    0x08001c8c   0x08001c8c   0x0000001c   Code   RO         3351    i.I2c_delay         iic_software.o
    0x08001ca8   0x08001ca8   0x0000002c   Code   RO         3352    i.IIC_Init          iic_software.o
    0x08001cd4   0x08001cd4   0x00000064   Code   RO         3353    i.IIC_Read_One_Byte  iic_software.o
    0x08001d38   0x08001d38   0x00000044   Code   RO         3355    i.IIC_Write_One_Byte  iic_software.o
    0x08001d7c   0x08001d7c   0x00000080   Code   RO         3356    i.IIC_read_Bytes    iic_software.o
    0x08001dfc   0x08001dfc   0x0000004c   Code   RO         3521    i.LEDInit           led.o
    0x08001e48   0x08001e48   0x000001b4   Code   RO         3522    i.LEDRefresh        led.o
    0x08001ffc   0x08001ffc   0x00000004   Code   RO          113    i.MemManage_Handler  stm32f10x_it.o
    0x08002000   0x08002000   0x0000028c   Code   RO         3814    i.MotorControl      control.o
    0x0800228c   0x0800228c   0x000000f4   Code   RO         3626    i.MpuGetData        mpu6050.o
    0x08002380   0x08002380   0x00000128   Code   RO         3627    i.MpuGetOffset      mpu6050.o
    0x080024a8   0x080024a8   0x0000007c   Code   RO         3628    i.MpuInit           mpu6050.o
    0x08002524   0x08002524   0x00000002   Code   RO          114    i.NMI_Handler       stm32f10x_it.o
    0x08002526   0x08002526   0x00000002   PAD
    0x08002528   0x08002528   0x0000004c   Code   RO         3545    i.NRF24L01_Check    nrf24l01.o
    0x08002574   0x08002574   0x000000a0   Code   RO         3546    i.NRF24L01_Configuration  nrf24l01.o
    0x08002614   0x08002614   0x00000044   Code   RO         3547    i.NRF24L01_Read_Buf  nrf24l01.o
    0x08002658   0x08002658   0x0000002c   Code   RO         3548    i.NRF24L01_Read_Reg  nrf24l01.o
    0x08002684   0x08002684   0x00000034   Code   RO         3549    i.NRF24L01_RxPacket  nrf24l01.o
    0x080026b8   0x080026b8   0x00000044   Code   RO         3551    i.NRF24L01_Write_Buf  nrf24l01.o
    0x080026fc   0x080026fc   0x00000030   Code   RO         3552    i.NRF24L01_Write_Reg  nrf24l01.o
    0x0800272c   0x0800272c   0x00000016   Code   RO         3553    i.NRF24L01_init     nrf24l01.o
    0x08002742   0x08002742   0x00000002   PAD
    0x08002744   0x08002744   0x00000070   Code   RO          350    i.NVIC_Init         misc.o
    0x080027b4   0x080027b4   0x00000014   Code   RO          351    i.NVIC_PriorityGroupConfig  misc.o
    0x080027c8   0x080027c8   0x00000002   Code   RO          115    i.PendSV_Handler    stm32f10x_it.o
    0x080027ca   0x080027ca   0x00000002   PAD
    0x080027cc   0x080027cc   0x00000050   Code   RO         3956    i.Q_rsqrt           mymath.o
    0x0800281c   0x0800281c   0x00000020   Code   RO         1941    i.RCC_APB1PeriphClockCmd  stm32f10x_rcc.o
    0x0800283c   0x0800283c   0x00000020   Code   RO         1943    i.RCC_APB2PeriphClockCmd  stm32f10x_rcc.o
    0x0800285c   0x0800285c   0x000000d4   Code   RO         1951    i.RCC_GetClocksFreq  stm32f10x_rcc.o
    0x08002930   0x08002930   0x000002bc   Code   RO         3781    i.RC_Analy          remote.o
    0x08002bec   0x08002bec   0x00000058   Code   RO         3554    i.RX_Mode           nrf24l01.o
    0x08002c44   0x08002c44   0x00000018   Code   RO         2423    i.SPI_Cmd           stm32f10x_spi.o
    0x08002c5c   0x08002c5c   0x00000094   Code   RO         3500    i.SPI_Config        spi.o
    0x08002cf0   0x08002cf0   0x00000012   Code   RO         2431    i.SPI_I2S_GetFlagStatus  stm32f10x_spi.o
    0x08002d02   0x08002d02   0x00000006   Code   RO         2434    i.SPI_I2S_ReceiveData  stm32f10x_spi.o
    0x08002d08   0x08002d08   0x00000004   Code   RO         2435    i.SPI_I2S_SendData  stm32f10x_spi.o
    0x08002d0c   0x08002d0c   0x0000003c   Code   RO         2436    i.SPI_Init          stm32f10x_spi.o
    0x08002d48   0x08002d48   0x00000038   Code   RO         3501    i.SPI_RW            spi.o
    0x08002d80   0x08002d80   0x00000002   Code   RO          116    i.SVC_Handler       stm32f10x_it.o
    0x08002d82   0x08002d82   0x00000008   Code   RO           17    i.SetSysClock       system_stm32f10x.o
    0x08002d8a   0x08002d8a   0x00000002   PAD
    0x08002d8c   0x08002d8c   0x000000e0   Code   RO           18    i.SetSysClockTo72   system_stm32f10x.o
    0x08002e6c   0x08002e6c   0x00000010   Code   RO          117    i.SysTick_Handler   stm32f10x_it.o
    0x08002e7c   0x08002e7c   0x00000060   Code   RO           20    i.SystemInit        system_stm32f10x.o
    0x08002edc   0x08002edc   0x000000c8   Code   RO         3472    i.TIM2_PWM_Config   tim.o
    0x08002fa4   0x08002fa4   0x00000064   Code   RO         3473    i.TIM3_Config       tim.o
    0x08003008   0x08003008   0x0000008c   Code   RO         3474    i.TIM3_IRQHandler   tim.o
    0x08003094   0x08003094   0x00000018   Code   RO         2566    i.TIM_ARRPreloadConfig  stm32f10x_tim.o
    0x080030ac   0x080030ac   0x00000006   Code   RO         2573    i.TIM_ClearITPendingBit  stm32f10x_tim.o
    0x080030b2   0x080030b2   0x00000018   Code   RO         2578    i.TIM_Cmd           stm32f10x_tim.o
    0x080030ca   0x080030ca   0x00000022   Code   RO         2599    i.TIM_GetITStatus   stm32f10x_tim.o
    0x080030ec   0x080030ec   0x00000012   Code   RO         2603    i.TIM_ITConfig      stm32f10x_tim.o
    0x080030fe   0x080030fe   0x00000002   PAD
    0x08003100   0x08003100   0x00000098   Code   RO         2607    i.TIM_OC1Init       stm32f10x_tim.o
    0x08003198   0x08003198   0x00000012   Code   RO         2610    i.TIM_OC1PreloadConfig  stm32f10x_tim.o
    0x080031aa   0x080031aa   0x00000002   PAD
    0x080031ac   0x080031ac   0x000000a4   Code   RO         2612    i.TIM_OC2Init       stm32f10x_tim.o
    0x08003250   0x08003250   0x0000001a   Code   RO         2615    i.TIM_OC2PreloadConfig  stm32f10x_tim.o
    0x0800326a   0x0800326a   0x00000002   PAD
    0x0800326c   0x0800326c   0x000000a0   Code   RO         2617    i.TIM_OC3Init       stm32f10x_tim.o
    0x0800330c   0x0800330c   0x00000012   Code   RO         2620    i.TIM_OC3PreloadConfig  stm32f10x_tim.o
    0x0800331e   0x0800331e   0x00000002   PAD
    0x08003320   0x08003320   0x0000007c   Code   RO         2622    i.TIM_OC4Init       stm32f10x_tim.o
    0x0800339c   0x0800339c   0x0000001a   Code   RO         2624    i.TIM_OC4PreloadConfig  stm32f10x_tim.o
    0x080033b6   0x080033b6   0x00000002   PAD
    0x080033b8   0x080033b8   0x000000a4   Code   RO         2649    i.TIM_TimeBaseInit  stm32f10x_tim.o
    0x0800345c   0x0800345c   0x000000a8   Code   RO         3432    i.USART3_Config     usart.o
    0x08003504   0x08003504   0x00000104   Code   RO         3734    i.USART3_IRQHandler  ano_dt.o
    0x08003608   0x08003608   0x00000030   Code   RO         3433    i.USART3_SendByte   usart.o
    0x08003638   0x08003638   0x00000018   Code   RO         3114    i.USART_Cmd         stm32f10x_usart.o
    0x08003650   0x08003650   0x0000004a   Code   RO         3120    i.USART_ITConfig    stm32f10x_usart.o
    0x0800369a   0x0800369a   0x00000002   PAD
    0x0800369c   0x0800369c   0x000000d8   Code   RO         3121    i.USART_Init        stm32f10x_usart.o
    0x08003774   0x08003774   0x00000008   Code   RO         3131    i.USART_SendData    stm32f10x_usart.o
    0x0800377c   0x0800377c   0x00000004   Code   RO          118    i.UsageFault_Handler  stm32f10x_it.o
    0x08003780   0x08003780   0x00000028   Code   RO         4136    i.__ARM_fpclassify  m_ws.l(fpclassify.o)
    0x080037a8   0x080037a8   0x000000aa   Code   RO         4154    i.__kernel_poly     m_ws.l(poly.o)
    0x08003852   0x08003852   0x00000006   Code   RO         4123    i.__mathlib_dbl_infnan  m_ws.l(dunder.o)
    0x08003858   0x08003858   0x00000004   Code   RO         4124    i.__mathlib_dbl_infnan2  m_ws.l(dunder.o)
    0x0800385c   0x0800385c   0x0000000c   Code   RO         4125    i.__mathlib_dbl_invalid  m_ws.l(dunder.o)
    0x08003868   0x08003868   0x00000010   Code   RO         4128    i.__mathlib_dbl_underflow  m_ws.l(dunder.o)
    0x08003878   0x08003878   0x0000000e   Code   RO         4223    i.__scatterload_copy  mc_w.l(handlers.o)
    0x08003886   0x08003886   0x00000002   Code   RO         4224    i.__scatterload_null  mc_w.l(handlers.o)
    0x08003888   0x08003888   0x0000000e   Code   RO         4225    i.__scatterload_zeroinit  mc_w.l(handlers.o)
    0x08003896   0x08003896   0x00000002   PAD
    0x08003898   0x08003898   0x0000000c   Code   RO         4195    i.__set_errno       mc_w.l(errno.o)
    0x080038a4   0x080038a4   0x00000270   Code   RO         4054    i.asin              m_ws.l(asin.o)
    0x08003b14   0x08003b14   0x00000220   Code   RO         4113    i.atan              m_ws.l(atan.o)
    0x08003d34   0x08003d34   0x0000019c   Code   RO         4072    i.atan2             m_ws.l(atan2.o)
    0x08003ed0   0x08003ed0   0x00000024   Code   RO          286    i.cycleCounterInit  delay.o
    0x08003ef4   0x08003ef4   0x00000022   Code   RO          287    i.delay_ms          delay.o
    0x08003f16   0x08003f16   0x00000058   Code   RO         3839    i.kalman_1          kalman.o
    0x08003f6e   0x08003f6e   0x00000018   Code   RO          188    i.main              main.o
    0x08003f86   0x08003f86   0x0000002c   Code   RO         3908    i.pidRest           pid.o
    0x08003fb2   0x08003fb2   0x0000006a   Code   RO         3909    i.pidUpdate         pid.o
    0x0800401c   0x0800401c   0x00000064   Code   RO          322    i.pid_param_Init    init.o
    0x08004080   0x08004080   0x00000120   Code   RO         3782    i.remote_unlock     remote.o
    0x080041a0   0x080041a0   0x0000004c   Code   RO         4158    i.sqrt              m_ws.l(sqrt.o)
    0x080041ec   0x080041ec   0x0000000a   Data   RO         3556    .constdata          nrf24l01.o
    0x080041f6   0x080041f6   0x00000002   PAD
    0x080041f8   0x080041f8   0x00000018   Data   RO         3969    .constdata          mymath.o
    0x08004210   0x08004210   0x00000050   Data   RO         4055    .constdata          m_ws.l(asin.o)
    0x08004260   0x08004260   0x00000098   Data   RO         4114    .constdata          m_ws.l(atan.o)
    0x080042f8   0x080042f8   0x00000008   Data   RO         4156    .constdata          m_ws.l(qnan.o)
    0x08004300   0x08004300   0x00000020   Data   RO         4221    Region$$Table       anon$$obj.o


    Execution Region RW_IRAM1 (Exec base: 0x20000000, Load base: 0x08004320, Size: 0x00000750, Max: 0x00005000, ABSOLUTE)

    Exec Addr    Load Addr    Size         Type   Attr      Idx    E Section Name        Object

    0x20000000   0x08004320   0x00000014   Data   RW           21    .data               system_stm32f10x.o
    0x20000014   0x08004334   0x00000004   Data   RW          289    .data               delay.o
    0x20000018   0x08004338   0x0000000b   Data   RW          324    .data               init.o
    0x20000023   0x08004343   0x00000014   Data   RW         1971    .data               stm32f10x_rcc.o
    0x20000037   0x08004357   0x00000002   Data   RW         3475    .data               tim.o
    0x20000039   0x08004359   0x00000003   PAD
    0x2000003c   0x0800435c   0x00000008   Data   RW         3523    .data               led.o
    0x20000044   0x08004364   0x0000004c   Data   RW         3631    .data               mpu6050.o
    0x20000090   0x080043b0   0x0000000b   Data   RW         3736    .data               ano_dt.o
    0x2000009b   0x080043bb   0x00000001   PAD
    0x2000009c   0x080043bc   0x00000007   Data   RW         3784    .data               remote.o
    0x200000a3   0x080043c3   0x00000001   PAD
    0x200000a4   0x080043c4   0x0000002a   Data   RW         3815    .data               control.o
    0x200000ce   0x080043ee   0x00000002   PAD
    0x200000d0   0x080043f0   0x0000001c   Data   RW         3940    .data               imu.o
    0x200000ec   0x0800440c   0x00000004   Data   RW         4196    .data               mc_w.l(errno.o)
    0x200000f0        -       0x000001c8   Zero   RW          323    .bss                init.o
    0x200002b8        -       0x00000018   Zero   RW         3630    .bss                mpu6050.o
    0x200002d0        -       0x0000004f   Zero   RW         3735    .bss                ano_dt.o
    0x2000031f        -       0x00000020   Zero   RW         3783    .bss                remote.o
    0x2000033f   0x08004410   0x00000001   PAD
    0x20000340        -       0x0000000c   Zero   RW         3939    .bss                imu.o
    0x2000034c   0x08004410   0x00000004   PAD
    0x20000350        -       0x00000400   Zero   RW          103    STACK               startup_stm32f10x_md.o


==============================================================================

Image component sizes


      Code (inc. data)   RO Data    RW Data    ZI Data      Debug   Object Name

      1684        164          0         11         79       4535   ano_dt.o
       972         84          0         42          0       2109   control.o
         0          0          0          0          0       4540   core_cm3.o
       138         20          0          4          0       1914   delay.o
       908         40          0          0          0       6737   iic_software.o
      1868         50          0         28         12       1655   imu.o
       232         44          0         11        456      18235   init.o
        88          0          0          0          0       1507   kalman.o
       512         36          0          8          0       2413   led.o
        24          0          0          0          0     203723   main.o
       132         22          0          0          0       1367   misc.o
       664         36          0         76         24       5302   mpu6050.o
        80          6         24          0          0        909   mymath.o
       626         46         10          0          0       6358   nrf24l01.o
       180          0          0          0          0       1927   pid.o
       988         56          0          7         32       2223   remote.o
       204         14          0          0          0       1058   spi.o
        36          8        236          0       1024        772   startup_stm32f10x_md.o
       458          6          0          0          0       4711   stm32f10x_gpio.o
        40          4          0          0          0       3694   stm32f10x_it.o
       276         32          0         20          0       4190   stm32f10x_rcc.o
       112          0          0          0          0       3526   stm32f10x_spi.o
       958         92          0          0          0       8557   stm32f10x_tim.o
       322          6          0          0          0       3963   stm32f10x_usart.o
       328         28          0         20          0      52281   system_stm32f10x.o
       440         44          0          2          0       1678   tim.o
       216         22          0          0          0       1518   usart.o

    ----------------------------------------------------------------------
     12508        860        304        236       1632     351402   Object Totals
         0          0         32          0          0          0   (incl. Generated)
        22          0          2          7          5          0   (incl. Padding)

    ----------------------------------------------------------------------

      Code (inc. data)   RO Data    RW Data    ZI Data      Debug   Library Member Name

       624         52         80          0          0        168   asin.o
       544         70        152          0          0        124   atan.o
       412         38          0          0          0        144   atan2.o
        38          6          0          0          0        272   dunder.o
        40          0          0          0          0         68   fpclassify.o
       170          0          0          0          0         96   poly.o
         0          0          8          0          0          0   qnan.o
        76          0          0          0          0         84   sqrt.o
         0          0          0          0          0          0   entry.o
         0          0          0          0          0          0   entry10a.o
         0          0          0          0          0          0   entry11a.o
         4          0          0          0          0          0   entry12b.o
         8          4          0          0          0          0   entry2.o
         4          0          0          0          0          0   entry5.o
         0          0          0          0          0          0   entry7b.o
         0          0          0          0          0          0   entry8b.o
         8          4          0          0          0          0   entry9a.o
        12          6          0          4          0         68   errno.o
        30          0          0          0          0          0   handlers.o
        36          8          0          0          0         68   init.o
         0          0          0          0          0          0   iusefp.o
        30          0          0          0          0         68   llshl.o
        36          0          0          0          0         68   llsshr.o
        32          0          0          0          0         68   llushr.o
        36          0          0          0          0         68   memcpya.o
        36          0          0          0          0        108   memseta.o
        48          0          0          0          0         68   cdcmple.o
        20          0          0          0          0         68   cfcmple.o
        20          0          0          0          0         68   cfrcmple.o
        56          0          0          0          0         88   d2f.o
       334          0          0          0          0        148   dadd.o
       222          0          0          0          0        100   ddiv.o
       186          0          0          0          0        176   depilogue.o
       228          0          0          0          0         96   dmul.o
        46          0          0          0          0         80   dscalb.o
       162          0          0          0          0        100   dsqrt.o
        38          0          0          0          0         68   f2d.o
       176          0          0          0          0        140   fadd.o
       124          0          0          0          0         88   fdiv.o
       110          0          0          0          0        168   fepilogue.o
        50          0          0          0          0         68   ffixi.o
        18          0          0          0          0         68   fflti.o
        10          0          0          0          0         68   ffltui.o
       100          0          0          0          0         76   fmul.o

    ----------------------------------------------------------------------
      4132        188        240          4          0       3208   Library Totals
         8          0          0          0          0          0   (incl. Padding)

    ----------------------------------------------------------------------

      Code (inc. data)   RO Data    RW Data    ZI Data      Debug   Library Name

      1904        166        240          0          0        956   m_ws.l
       272         22          0          4          0        516   mc_w.l
      1948          0          0          0          0       1736   mf_w.l

    ----------------------------------------------------------------------
      4132        188        240          4          0       3208   Library Totals

    ----------------------------------------------------------------------

==============================================================================


      Code (inc. data)   RO Data    RW Data    ZI Data      Debug   

     16640       1048        544        240       1632     348158   Grand Totals
     16640       1048        544        240       1632     348158   ELF Image Totals
     16640       1048        544        240          0          0   ROM Totals

==============================================================================

    Total RO  Size (Code + RO Data)                17184 (  16.78kB)
    Total RW  Size (RW Data + ZI Data)              1872 (   1.83kB)
    Total ROM Size (Code + RO Data + RW Data)      17424 (  17.02kB)

==============================================================================

